[Licensing::Module] Trying to connect to existing licensing client channel...
Built from '6000.5/staging' branch; Version is '6000.5.4f1 (d550df8bd089) revision 13979871'; Using compiler version '194234433'; Build Type 'Release'
[Licensing::IpcConnector] Successfully connected to: "LicenseClient-MSI" at "2026-09-09T11:46:45.7484683Z"
OS: 'Windows 11  (10.0.26200) Professional' Language: 'en' Physical Memory: 16084 MB
BatchMode: 1, IsHumanControllingUs: 0, StartBugReporterOnCrash: 0, Is64bit: 1
System  architecture: x64
Process architecture: x64
Date: 2026-09-09T11:46:45Z

COMMAND LINE ARGUMENTS:
C:\Program Files\Unity\Hub\Editor\6000.5.4f1\Editor\Unity.exe
-adb2
-batchMode
-noUpm
-name
AssetImportWorkerHW1
-projectPath
D:/Program Files/UnityProject/CoinCollector2
-logFile
Logs/AssetImportWorkerHW1.log
-srvPort
56577
-parentPid
5668
-analyticsCloudUserId
18968324431865
-analyticsCloudProjectId
cc8a84e1-fc51-4716-881f-d7844702efe8
-analyticsLocalProjectId
4a9eda89a9508d849afcde148eeeae4e
-licensingIpc
LicenseClient-MSI
-noDiagnosticSwitchPersistentStore
-job-worker-count
11
-background-job-worker-count
8
-asset-garbage-collectors
1
-force-d3d12
-name
AssetImport
Successfully changed project path to: D:/Program Files/UnityProject/CoinCollector2
D:/Program Files/UnityProject/CoinCollector2
[UnityMemory] Configuration Parameters - Can be set up in boot.config
    "memorysetup-temp-allocator-size-gi-baking-worker=262144"
    "memorysetup-temp-allocator-size-gi-baking-worker=262144"
    "memorysetup-temp-allocator-size-gi-baking-worker=262144"
    "memorysetup-temp-allocator-size-gi-baking-worker=262144"
    "memorysetup-temp-allocator-size-gi-baking-worker=262144"
    "memorysetup-temp-allocator-size-nav-mesh-worker=65536"
    "memorysetup-temp-allocator-size-audio-worker=65536"
    "memorysetup-temp-allocator-size-cloud-worker=32768"
    "memorysetup-temp-allocator-size-gfx=262144"
    "memorysetup-temp-allocator-size-preload-manager=33554432"
    "memorysetup-allocator-temp-initial-block-size-main=262144"
    "memorysetup-allocator-temp-initial-block-size-worker=262144"
    "memorysetup-temp-allocator-size-job-worker=262144"
    "memorysetup-temp-allocator-size-background-worker=32768"
    "memorysetup-bucket-allocator-granularity=16"
    "memorysetup-bucket-allocator-bucket-count=8"
    "memorysetup-bucket-allocator-block-size=33554432"
    "memorysetup-bucket-allocator-block-count=8"
    "memorysetup-main-allocator-block-size=16777216"
    "memorysetup-thread-allocator-block-size=16777216"
    "memorysetup-main-allocator-mimalloc-enabled=0"
    "memorysetup-gfx-main-allocator-block-size=16777216"
    "memorysetup-gfx-thread-allocator-block-size=16777216"
    "memorysetup-cache-allocator-block-size=4194304"
    "memorysetup-typetree-allocator-block-size=2097152"
    "memorysetup-profiler-bucket-allocator-granularity=16"
    "memorysetup-profiler-bucket-allocator-bucket-count=8"
    "memorysetup-profiler-bucket-allocator-block-size=33554432"
    "memorysetup-profiler-bucket-allocator-block-count=8"
    "memorysetup-profiler-allocator-block-size=16777216"
    "memorysetup-profiler-editor-allocator-block-size=1048576"
    "memorysetup-temp-allocator-size-main=16777216"
    "memorysetup-job-temp-allocator-block-size=2097152"
    "memorysetup-job-temp-allocator-block-size-background=1048576"
    "memorysetup-job-temp-allocator-reduction-small-platforms=262144"
Player connection [23824]  Target information:

Player connection [23824]  * "[IP] 192.168.0.148 [Port] 0 [Flags] 2 [Guid] 986939476 [EditorId] 986939476 [Version] 1048832 [Id] WindowsEditor(7,DESKTOP-IV6EORE) [Debug] 1 [PackageName] WindowsEditor [ProjectName] Editor" 

Player connection [23824] Host joined multi-casting on [225.0.0.222:54997]...
Player connection [23824] Host joined alternative multi-casting on [225.0.0.222:34997]...
JobSystem: Creating JobQueue using job-worker-count value 11
Input System module state changed to: Initialized.
[Physics::Module] Initialized fallback backend.
[Physics::Module] Id: 0xdecafbad
Library Redirect Path: Library/
[Physics::Module] Selected backend.
[Physics::Module] Name: PhysX
[Physics::Module] Id: 0xf2b8ea05
[Physics::Module] SDK Version: 4.1.2
[Physics::Module] Integration Version: 1.0.0
[Physics::Module] Threading Mode: Multi-Threaded
Refreshing native plugins compatible for Editor in 761.80 ms, found 5 plugins.
Initialize engine version: 6000.5.4f1 (d550df8bd089)
[Subsystems] Discovering subsystems at path C:/Program Files/Unity/Hub/Editor/6000.5.4f1/Editor/Data/Resources/UnitySubsystems
[Subsystems] Discovering subsystems at path D:/Program Files/UnityProject/CoinCollector2/Assets
Forcing GfxDevice: Direct3D 12
GfxDevice: creating device client; kGfxThreadingModeNonThreaded
d3d12: failed to query info queue interface (0x80004002).
Direct3D:
    Version:         Direct3D 12 [level 12.2]
    Renderer:        NVIDIA GeForce RTX 5050 Laptop GPU (ID=0x2d98)
    Vendor:          NVIDIA
    VRAM:            7910 MB
    App VRAM Budget: 7142 MB
    Driver:          32.0.16.1047
[Licensing::Client] Error: HandshakeResponse reported an error:
	ResponseCode: 505
	ResponseStatus: Unsupported protocol version '1.18.1'.
[Licensing::Module] Error: Failed to handshake to channel: "LicenseClient-MSI"
[Licensing::IpcConnector] LicenseClient-MSI channel disconnected successfully.
[Licensing::IpcConnector] Successfully connected to: "LicenseClient-MSI-6000.5.4" at "2026-09-09T11:46:48.2632921Z"
[Licensing::Client] Code 10 while verifying Licensing Client signature (process Id: 12120, path: "C:/Program Files/Unity/Hub/Editor/6000.5.4f1/Editor/Data/Resources/Licensing/Client/Unity.Licensing.Client.exe")
[Licensing::Module] LicensingClient has failed validation; ignoring
[Licensing::Client] Handshaking with LicensingClient:
  Version:                 1.18.1+9fbee8e
  Session Id:              22b7d2bc730f4b9eba989c86941e322e
  Correlation Id:          cf7033dc9b9a13bfd8f8d7183be0d8d0
  External correlation Id: 3965805621616258596
  Machine Id:              G3lYOn2ti/3l54/u/x1mbXwQAnM=
[Licensing::Module] Successfully connected to LicensingClient on channel: "LicenseClient-MSI-6000.5.4" (connect: 0.00s, validation: 0.00s, handshake: 0.01s)
[Licensing::IpcConnector] Successfully connected to: "LicenseClient-MSI-6000.5.4-notifications" at "2026-09-09T11:46:48.2779854Z"
[Licensing::Module] Licensing Background thread has ended after 2.53s
Initialize mono
Mono path[0] = 'C:/Program Files/Unity/Hub/Editor/6000.5.4f1/Editor/Data/Managed'
Mono path[1] = 'C:/Program Files/Unity/Hub/Editor/6000.5.4f1/Editor/Data/BCLExtensions/runtime/netstandard2.1'
Mono path[2] = 'C:/Program Files/Unity/Hub/Editor/6000.5.4f1/Editor/Data/MonoBleedingEdge/lib/mono/unityjit-win32'
Mono config path = 'C:/Program Files/Unity/Hub/Editor/6000.5.4f1/Editor/Data/MonoBleedingEdge/etc'
Using monoOptions --debugger-agent=transport=dt_socket,embedding=1,server=y,suspend=n,address=127.0.0.1:56820
CodeReloadManager initialized
Begin MonoManager ReloadAssembly
Registering precompiled unity dll's ...
Register platform support module: C:/Program Files/Unity/Hub/Editor/6000.5.4f1/Editor/Data/PlaybackEngines/WindowsStandaloneSupport/UnityEditor.WindowsStandalone.Extensions.dll
Registered in 0.004656 seconds.
Native extension for WindowsStandalone target not found
Package Manager log level set to [2]
[Package Manager] Failed to launch server process. Reason: Unity was launched with the -noUpm command-line argument
[Package Manager] Unable to send message (not connected to server process).
[Package Manager] Cannot connect to Unity Package Manager local server
ScheduleIndexationOnStartup MainProcess:False IndexOnStartup:True
Mono: successfully reloaded assembly
- Finished resetting the current domain, in  0.664 seconds
Domain Reload Profiling: 1917ms
	BeginReloadAssembly (583ms)
	RebuildCommonClasses (9ms)
	RebuildNativeTypeToScriptingClass (32ms)
	initialDomainReloadingComplete (160ms)
	LoadAllAssembliesAndSetupDomain (465ms)
		LoadAssemblies (580ms)
		AnalyzeDomain (352ms)
			TypeCache.Refresh (350ms)
				TypeCache.ScanAssembly (326ms)
	FinalizeReload (667ms)
		SetupLoadedEditorAssemblies (0ms)
			InitializePlatformSupportModulesInManaged (3ms)
			BeforeProcessingInitializeOnLoad (121ms)
			ProcessInitializeOnLoadAttributes (167ms)
			ProcessInitializeOnLoadMethodAttributes (211ms)
Initializing Unity extensions:
[Licensing::Client] Successfully resolved entitlement details
[Licensing::Module] License group:
  Id: F4-G59U-7N8W-FA26-6KKX-XXXX
  Product: Unity Personal
  Type: ULF
  Expiration: 2026-10-16T12:45:23Z
[Licensing::Module] License group:
  Id: 18968324431865-UnityPersXXXX
  Product: Unity Personal
  Type: Assigned
  Expiration: Unlimited
========================================================================
Worker process is ready to serve import requests
Import Worker Mode flag is 0x00
Begin MonoManager ReloadAssembly
Refreshing native plugins compatible for Editor in 7.88 ms, found 5 plugins.
Native extension for WindowsStandalone target not found
[Package Manager] Failed to launch server process. Reason: Unity was launched with the -noUpm command-line argument
[Package Manager] Unable to send message (not connected to server process).
[Package Manager] Cannot connect to Unity Package Manager local server
[Package Manager] Failed to launch server process. Reason: Unity was launched with the -noUpm command-line argument
[Package Manager] Unable to send message (not connected to server process).
[Package Manager] Cannot connect to Unity Package Manager local server
ScheduleIndexationOnStartup MainProcess:False IndexOnStartup:True
Mono: successfully reloaded assembly
- Finished resetting the current domain, in  3.269 seconds
Domain Reload Profiling: 6211ms
	BeginReloadAssembly (207ms)
		DisableScriptedObjects (5ms)
		CreateAndSetChildDomain (30ms)
	RebuildCommonClasses (8ms)
	RebuildNativeTypeToScriptingClass (16ms)
	initialDomainReloadingComplete (58ms)
	LoadAllAssembliesAndSetupDomain (2652ms)
		LoadAssemblies (2249ms)
		AnalyzeDomain (386ms)
			TypeCache.Refresh (221ms)
				TypeCache.ScanAssembly (202ms)
			BuildScriptInfoCaches (152ms)
			ResolveRequiredComponents (11ms)
	FinalizeReload (3270ms)
		SetupLoadedEditorAssemblies (0ms)
			BeforeProcessingInitializeOnLoad (111ms)
			ProcessInitializeOnLoadAttributes (449ms)
			ProcessInitializeOnLoadMethodAttributes (1598ms)
			AfterProcessingInitializeOnLoad (5ms)
AcceleratorClientConnectionCallback - disconnected - :0
Launched and connected shader compiler UnityShaderCompiler.exe after 0.02 seconds
Unloading 22 Unused Serialized files (Serialized files now loaded: 0)
Curl error 3: URL rejected: Malformed input to a URL function
Unloading 7156 unused Assets / (5.9 MB). Loaded Objects now: 8026.
Memory consumption went from 343.5 MB to 337.6 MB.
Total: 10.988300 ms (FindLiveObjects: 0.696000 ms CreateObjectMapping: 2.892900 ms MarkObjects: 5.146500 ms  DeleteObjects: 2.251100 ms)

========================================================================
Received Prepare
AcceleratorClientConnectionCallback - disconnected - :0
Unloading 22 Unused Serialized files (Serialized files now loaded: 0)
Unloading 22 unused Assets / (2.6 MB). Loaded Objects now: 8026.
Memory consumption went from 335.6 MB to 333.0 MB.
Total: 10.942400 ms (FindLiveObjects: 0.466500 ms CreateObjectMapping: 1.459200 ms MarkObjects: 8.557500 ms  DeleteObjects: 0.457100 ms)

Prepare: number of updated asset objects reloaded= 0
========================================================================
Received Prepare
AcceleratorClientConnectionCallback - disconnected - :0
Unloading 22 Unused Serialized files (Serialized files now loaded: 0)
Unloading 22 unused Assets / (2.6 MB). Loaded Objects now: 8026.
Memory consumption went from 337.5 MB to 334.9 MB.
Total: 8.479900 ms (FindLiveObjects: 0.515000 ms CreateObjectMapping: 1.160800 ms MarkObjects: 6.431600 ms  DeleteObjects: 0.370900 ms)

Prepare: number of updated asset objects reloaded= 0
========================================================================
Received Import Request.
  Time of request: 2026-09-09T11:53:45.3429481Z
  Time since last request: 1206.43781119999994 seconds.
  importAddress: GUID: b44fd2fb7869cf6418d8ddf5c052ab75 - Path: Assets/scripts - Importer: PreviewImporter
Importing 'GUID: b44fd2fb7869cf6418d8ddf5c052ab75 - Path: Assets/scripts - Importer: PreviewImporter' with importer (PreviewImporter)
Imported 'GUID: b44fd2fb7869cf6418d8ddf5c052ab75' -> (Import Result ID: '754b470f0ec528e8dddddbb6a7d72725') in 0.010 seconds [static and dynamic dependencies]. Details - ImportResultOutputID=93cfff366d2cd7afdc0893109bce35f7 DependenciesID=e1e87e68eeb51dfce3ba60d0b9bb50ed StaticDependenciesID=ceefcfcd556b6bf1727dc7764325413b 
Number of updated asset objects reloaded before import = 0
Number of asset objects unloaded after import = 0
========================================================================
Received Prepare
AcceleratorClientConnectionCallback - disconnected - :0
Unloading 22 Unused Serialized files (Serialized files now loaded: 0)
Unloading 7140 unused Assets / (5.5 MB). Loaded Objects now: 8029.
Memory consumption went from 345.5 MB to 340.0 MB.
Total: 13.070400 ms (FindLiveObjects: 0.578400 ms CreateObjectMapping: 3.179800 ms MarkObjects: 5.666000 ms  DeleteObjects: 3.644700 ms)

Prepare: number of updated asset objects reloaded= 0
========================================================================
Received Prepare
AcceleratorClientConnectionCallback - disconnected - :0
[Licensing::Client] Successfully resolved entitlement details
[Licensing::Module] License group:
  Id: F4-G59U-7N8W-FA26-6KKX-XXXX
  Product: Unity Personal
  Type: ULF
  Expiration: 2026-10-16T12:45:23Z
[Licensing::Module] License group:
  Id: 18968324431865-UnityPersXXXX
  Product: Unity Personal
  Type: Assigned
  Expiration: Unlimited
Begin MonoManager ReloadAssembly
Refreshing native plugins compatible for Editor in 2.74 ms, found 5 plugins.
Native extension for WindowsStandalone target not found
[Package Manager] Failed to launch server process. Reason: Unity was launched with the -noUpm command-line argument
[Package Manager] Unable to send message (not connected to server process).
[Package Manager] Cannot connect to Unity Package Manager local server
[Package Manager] Failed to launch server process. Reason: Unity was launched with the -noUpm command-line argument
[Package Manager] Unable to send message (not connected to server process).
[Package Manager] Cannot connect to Unity Package Manager local server
ScheduleIndexationOnStartup MainProcess:False IndexOnStartup:True
Mono: successfully reloaded assembly
- Finished resetting the current domain, in  1.021 seconds
Domain Reload Profiling: 3089ms
	BeginReloadAssembly (461ms)
		DisableScriptedObjects (33ms)
		CreateAndSetChildDomain (87ms)
	RebuildCommonClasses (23ms)
	RebuildNativeTypeToScriptingClass (40ms)
	initialDomainReloadingComplete (177ms)
	LoadAllAssembliesAndSetupDomain (1366ms)
		LoadAssemblies (779ms)
		AnalyzeDomain (482ms)
			TypeCache.Refresh (24ms)
			BuildScriptInfoCaches (423ms)
			ResolveRequiredComponents (28ms)
	FinalizeReload (1022ms)
		SetupLoadedEditorAssemblies (0ms)
			InitializePlatformSupportModulesInManaged (3ms)
			BeforeProcessingInitializeOnLoad (143ms)
			ProcessInitializeOnLoadAttributes (335ms)
			ProcessInitializeOnLoadMethodAttributes (190ms)
			AfterProcessingInitializeOnLoad (4ms)
		AwakeInstancesAfterBackupRestoration (18ms)
Unloading 22 Unused Serialized files (Serialized files now loaded: 0)
Unloading 7155 unused Assets / (6.3 MB). Loaded Objects now: 8033.
Memory consumption went from 340.5 MB to 334.2 MB.
Total: 10.990500 ms (FindLiveObjects: 0.602800 ms CreateObjectMapping: 2.386800 ms MarkObjects: 5.489900 ms  DeleteObjects: 2.509600 ms)

Prepare: number of updated asset objects reloaded= 0
========================================================================
Received Import Request.
  Time of request: 2026-09-09T11:54:58.3368608Z
  Time since last request: 72.9727738 seconds.
  importAddress: GUID: bd617ad7a0761b9408bf9c07531ecd55 - Path: Assets/Scripts/PlayerMovement.cs - Importer: PreviewImporter
Importing 'GUID: bd617ad7a0761b9408bf9c07531ecd55 - Path: Assets/Scripts/PlayerMovement.cs - Importer: PreviewImporter' with importer (PreviewImporter)
Imported 'GUID: bd617ad7a0761b9408bf9c07531ecd55' -> (Import Result ID: '1f56fe68213b21d19a5a4b56d1c62356') in 0.004 seconds [static and dynamic dependencies]. Details - ImportResultOutputID=65d4d379f1b61a95b68eb39f71a65884 DependenciesID=9446d9b51da23437c25ff938b6bb9a5e StaticDependenciesID=683c82070f9ff45e980def1fd62d1a37 
Number of updated asset objects reloaded before import = 0
Number of asset objects unloaded after import = 0
========================================================================
Received Prepare
AcceleratorClientConnectionCallback - disconnected - :0
Refreshing native plugins compatible for Editor in 2.31 ms, found 5 plugins.
Unloading 22 Unused Serialized files (Serialized files now loaded: 0)
Unloading 7141 unused Assets / (5.5 MB). Loaded Objects now: 8034.
Memory consumption went from 338.8 MB to 333.3 MB.
Total: 14.817100 ms (FindLiveObjects: 0.864700 ms CreateObjectMapping: 4.178600 ms MarkObjects: 7.128400 ms  DeleteObjects: 2.643500 ms)

Prepare: number of updated asset objects reloaded= 0
========================================================================
Received Prepare
AcceleratorClientConnectionCallback - disconnected - :0
[Licensing::Client] Successfully resolved entitlement details
[Licensing::Module] License group:
  Id: F4-G59U-7N8W-FA26-6KKX-XXXX
  Product: Unity Personal
  Type: ULF
  Expiration: 2026-10-16T12:45:23Z
[Licensing::Module] License group:
  Id: 18968324431865-UnityPersXXXX
  Product: Unity Personal
  Type: Assigned
  Expiration: Unlimited
Begin MonoManager ReloadAssembly
Native extension for WindowsStandalone target not found
[Package Manager] Failed to launch server process. Reason: Unity was launched with the -noUpm command-line argument
[Package Manager] Unable to send message (not connected to server process).
[Package Manager] Cannot connect to Unity Package Manager local server
[Package Manager] Failed to launch server process. Reason: Unity was launched with the -noUpm command-line argument
[Package Manager] Unable to send message (not connected to server process).
[Package Manager] Cannot connect to Unity Package Manager local server
ScheduleIndexationOnStartup MainProcess:False IndexOnStartup:True
Mono: successfully reloaded assembly
- Finished resetting the current domain, in  0.997 seconds
Domain Reload Profiling: 2092ms
	BeginReloadAssembly (316ms)
		DisableScriptedObjects (28ms)
		CreateAndSetChildDomain (59ms)
	RebuildCommonClasses (10ms)
	RebuildNativeTypeToScriptingClass (15ms)
	initialDomainReloadingComplete (58ms)
	LoadAllAssembliesAndSetupDomain (694ms)
		LoadAssemblies (413ms)
		AnalyzeDomain (252ms)
			TypeCache.Refresh (14ms)
			BuildScriptInfoCaches (228ms)
			ResolveRequiredComponents (9ms)
	FinalizeReload (999ms)
		SetupLoadedEditorAssemblies (0ms)
			BeforeProcessingInitializeOnLoad (148ms)
			ProcessInitializeOnLoadAttributes (362ms)
			ProcessInitializeOnLoadMethodAttributes (206ms)
			AfterProcessingInitializeOnLoad (5ms)
		AwakeInstancesAfterBackupRestoration (21ms)
Unloading 22 Unused Serialized files (Serialized files now loaded: 0)
Unloading 7156 unused Assets / (6.1 MB). Loaded Objects now: 8037.
Memory consumption went from 347.3 MB to 341.3 MB.
Total: 14.842500 ms (FindLiveObjects: 0.971900 ms CreateObjectMapping: 3.207400 ms MarkObjects: 6.877000 ms  DeleteObjects: 3.784000 ms)

Prepare: number of updated asset objects reloaded= 0
========================================================================
Received Import Request.
  Time of request: 2026-09-09T12:08:37.0944788Z
  Time since last request: 818.74154410000006 seconds.
  importAddress: GUID: c5c07820fac3e37408d9fe8ad8b8c200 - Path: Assets/Scripts/GameManager.cs - Importer: PreviewImporter
Importing 'GUID: c5c07820fac3e37408d9fe8ad8b8c200 - Path: Assets/Scripts/GameManager.cs - Importer: PreviewImporter' with importer (PreviewImporter)
Imported 'GUID: c5c07820fac3e37408d9fe8ad8b8c200' -> (Import Result ID: 'd6583eea095d7645feffcfe79d1b9055') in 0.005 seconds [static and dynamic dependencies]. Details - ImportResultOutputID=9d01573ac706e4686ed95def4f133535 DependenciesID=0700ea25a5383c72a50a9133bf425d06 StaticDependenciesID=d64618ec9973d8058cf91f31567132e8 
Number of updated asset objects reloaded before import = 0
Number of asset objects unloaded after import = 0
========================================================================
Received Prepare
AcceleratorClientConnectionCallback - disconnected - :0
Unloading 22 Unused Serialized files (Serialized files now loaded: 0)
Unloading 22 unused Assets / (2.6 MB). Loaded Objects now: 8037.
Memory consumption went from 340.3 MB to 337.7 MB.
Total: 8.729400 ms (FindLiveObjects: 0.548100 ms CreateObjectMapping: 1.222600 ms MarkObjects: 6.587200 ms  DeleteObjects: 0.370400 ms)

Prepare: number of updated asset objects reloaded= 0
========================================================================
Received Import Request.
  Time of request: 2026-09-09T12:10:50.078706Z
  Time since last request: 132.965777 seconds.
  importAddress: GUID: b4bcd692ba67e1b46b1d0bfe796d59ca - Path: Assets/Scripts/OOP - Importer: PreviewImporter
Importing 'GUID: b4bcd692ba67e1b46b1d0bfe796d59ca - Path: Assets/Scripts/OOP - Importer: PreviewImporter' with importer (PreviewImporter)
Imported 'GUID: b4bcd692ba67e1b46b1d0bfe796d59ca' -> (Import Result ID: 'bd0152e68d94bd67c5a82015862c9247') in 0.002 seconds [static and dynamic dependencies]. Details - ImportResultOutputID=dc675d9556d63bf61e087f5d248b60e8 DependenciesID=6be9a976b95cd80bab113863024585e8 StaticDependenciesID=d94ea8fcbcbda3fa1fcf84f03afe858f 
Number of updated asset objects reloaded before import = 0
Number of asset objects unloaded after import = 0
========================================================================
Received Prepare
AcceleratorClientConnectionCallback - disconnected - :0
Unloading 22 Unused Serialized files (Serialized files now loaded: 0)
Unloading 7142 unused Assets / (5.3 MB). Loaded Objects now: 8038.
Memory consumption went from 343.7 MB to 338.4 MB.
Total: 13.382600 ms (FindLiveObjects: 0.756100 ms CreateObjectMapping: 3.706800 ms MarkObjects: 6.186400 ms  DeleteObjects: 2.731000 ms)

Prepare: number of updated asset objects reloaded= 0
========================================================================
Received Prepare
AcceleratorClientConnectionCallback - disconnected - :0
Refreshing native plugins compatible for Editor in 2.21 ms, found 5 plugins.
Unloading 22 Unused Serialized files (Serialized files now loaded: 0)
Unloading 7142 unused Assets / (5.7 MB). Loaded Objects now: 8038.
Memory consumption went from 345.6 MB to 339.8 MB.
Total: 14.479500 ms (FindLiveObjects: 0.876400 ms CreateObjectMapping: 4.105000 ms MarkObjects: 6.653300 ms  DeleteObjects: 2.843600 ms)

Prepare: number of updated asset objects reloaded= 0
========================================================================
Received Prepare
AcceleratorClientConnectionCallback - disconnected - :0
Refreshing native plugins compatible for Editor in 10.98 ms, found 5 plugins.
Unloading 22 Unused Serialized files (Serialized files now loaded: 0)
Unloading 7143 unused Assets / (5.8 MB). Loaded Objects now: 8039.
Memory consumption went from 347.5 MB to 341.7 MB.
Total: 28.011100 ms (FindLiveObjects: 2.868700 ms CreateObjectMapping: 6.728200 ms MarkObjects: 13.294000 ms  DeleteObjects: 5.115700 ms)

Prepare: number of updated asset objects reloaded= 0
========================================================================
Received Prepare
AcceleratorClientConnectionCallback - disconnected - :0
Refreshing native plugins compatible for Editor in 6.13 ms, found 5 plugins.
Unloading 22 Unused Serialized files (Serialized files now loaded: 0)
Unloading 7143 unused Assets / (5.8 MB). Loaded Objects now: 8039.
Memory consumption went from 349.4 MB to 343.5 MB.
Total: 33.207700 ms (FindLiveObjects: 1.881200 ms CreateObjectMapping: 5.592200 ms MarkObjects: 18.387800 ms  DeleteObjects: 7.344000 ms)

Prepare: number of updated asset objects reloaded= 0
========================================================================
Received Prepare
AcceleratorClientConnectionCallback - disconnected - :0
Unloading 22 Unused Serialized files (Serialized files now loaded: 0)
Unloading 7142 unused Assets / (5.7 MB). Loaded Objects now: 8038.
Memory consumption went from 351.3 MB to 345.5 MB.
Total: 15.889000 ms (FindLiveObjects: 0.730100 ms CreateObjectMapping: 4.793700 ms MarkObjects: 6.624500 ms  DeleteObjects: 3.739100 ms)

Prepare: number of updated asset objects reloaded= 0
========================================================================
Received Prepare
AcceleratorClientConnectionCallback - disconnected - :0
Unloading 22 Unused Serialized files (Serialized files now loaded: 0)
Unloading 7143 unused Assets / (5.1 MB). Loaded Objects now: 8039.
Memory consumption went from 353.2 MB to 348.0 MB.
Total: 11.251400 ms (FindLiveObjects: 0.816700 ms CreateObjectMapping: 2.536500 ms MarkObjects: 4.826300 ms  DeleteObjects: 3.070900 ms)

Prepare: number of updated asset objects reloaded= 0
========================================================================
Received Import Request.
  Time of request: 2026-09-09T12:16:23.6850074Z
  Time since last request: 333.59159540000002 seconds.
  importAddress: GUID: fff82f0416ccd704b860b4472f903e26 - Path: Assets/Scripts/NewEmptyCSharpScript.cs - Importer: PreviewImporter
Importing 'GUID: fff82f0416ccd704b860b4472f903e26 - Path: Assets/Scripts/NewEmptyCSharpScript.cs - Importer: PreviewImporter' with importer (PreviewImporter)
Imported 'GUID: fff82f0416ccd704b860b4472f903e26' -> (Import Result ID: 'ab73ae48a35ad28d52c53224f6c038d9') in 0.002 seconds [static and dynamic dependencies]. Details - ImportResultOutputID=4db0cd656d325d41a796c1d9a27a9cea DependenciesID=67ae46c5fb1532bedf3ee052ecee4cee StaticDependenciesID=1fc2ebeef9014a6c97a53ffc27d2dcff 
Number of updated asset objects reloaded before import = 0
Number of asset objects unloaded after import = 0
========================================================================
Received Prepare
AcceleratorClientConnectionCallback - disconnected - :0
Unloading 22 Unused Serialized files (Serialized files now loaded: 0)
Unloading 7143 unused Assets / (5.3 MB). Loaded Objects now: 8039.
Memory consumption went from 353.2 MB to 347.9 MB.
Total: 12.406200 ms (FindLiveObjects: 0.650900 ms CreateObjectMapping: 3.168000 ms MarkObjects: 5.357200 ms  DeleteObjects: 3.229200 ms)

Prepare: number of updated asset objects reloaded= 0
========================================================================
Received Prepare
AcceleratorClientConnectionCallback - disconnected - :0
Unloading 22 Unused Serialized files (Serialized files now loaded: 0)
Unloading 7142 unused Assets / (5.3 MB). Loaded Objects now: 8038.
Memory consumption went from 355.1 MB to 349.8 MB.
Total: 12.592100 ms (FindLiveObjects: 0.693200 ms CreateObjectMapping: 3.685200 ms MarkObjects: 5.340500 ms  DeleteObjects: 2.871300 ms)

Prepare: number of updated asset objects reloaded= 0
========================================================================
Received Prepare
AcceleratorClientConnectionCallback - disconnected - :0
Unloading 22 Unused Serialized files (Serialized files now loaded: 0)
Unloading 7143 unused Assets / (5.5 MB). Loaded Objects now: 8039.
Memory consumption went from 357.0 MB to 351.5 MB.
Total: 14.295300 ms (FindLiveObjects: 0.841200 ms CreateObjectMapping: 3.368000 ms MarkObjects: 7.205100 ms  DeleteObjects: 2.879100 ms)

Prepare: number of updated asset objects reloaded= 0
========================================================================
Received Prepare
AcceleratorClientConnectionCallback - disconnected - :0
Refreshing native plugins compatible for Editor in 4.73 ms, found 5 plugins.
Unloading 22 Unused Serialized files (Serialized files now loaded: 0)
Unloading 7143 unused Assets / (5.3 MB). Loaded Objects now: 8039.
Memory consumption went from 358.9 MB to 353.6 MB.
Total: 32.254300 ms (FindLiveObjects: 1.442600 ms CreateObjectMapping: 4.897500 ms MarkObjects: 20.155300 ms  DeleteObjects: 5.756700 ms)

Prepare: number of updated asset objects reloaded= 0
========================================================================
Received Import Request.
  Time of request: 2026-09-09T12:18:14.7485048Z
  Time since last request: 111.05181399999999 seconds.
  importAddress: GUID: fff82f0416ccd704b860b4472f903e26 - Path: Assets/Scripts/StateEnemy.cs - Importer: PreviewImporter
Importing 'GUID: fff82f0416ccd704b860b4472f903e26 - Path: Assets/Scripts/StateEnemy.cs - Importer: PreviewImporter' with importer (PreviewImporter)
Imported 'GUID: fff82f0416ccd704b860b4472f903e26' -> (Import Result ID: '960dba84ff9ed95504caadaca1012910') in 0.086 seconds [static and dynamic dependencies]. Details - ImportResultOutputID=4db0cd656d325d41a796c1d9a27a9cea DependenciesID=537357798fdf282ea32d89f8356d89c7 StaticDependenciesID=2be84de28c199288c312e2a1ef40d53a 
Number of updated asset objects reloaded before import = 0
Number of asset objects unloaded after import = 0
========================================================================
Received Prepare
AcceleratorClientConnectionCallback - disconnected - :0
Refreshing native plugins compatible for Editor in 5.27 ms, found 5 plugins.
Unloading 22 Unused Serialized files (Serialized files now loaded: 0)
Unloading 7143 unused Assets / (4.0 MB). Loaded Objects now: 8039.
Memory consumption went from 349.5 MB to 345.5 MB.
Total: 24.812100 ms (FindLiveObjects: 1.559500 ms CreateObjectMapping: 4.607700 ms MarkObjects: 13.214500 ms  DeleteObjects: 5.428500 ms)

Prepare: number of updated asset objects reloaded= 0
========================================================================
Received Prepare
AcceleratorClientConnectionCallback - disconnected - :0
Refreshing native plugins compatible for Editor in 4.24 ms, found 5 plugins.
Unloading 22 Unused Serialized files (Serialized files now loaded: 0)
Unloading 7143 unused Assets / (5.6 MB). Loaded Objects now: 8039.
Memory consumption went from 351.4 MB to 345.8 MB.
Total: 39.003200 ms (FindLiveObjects: 1.566500 ms CreateObjectMapping: 5.537100 ms MarkObjects: 22.771400 ms  DeleteObjects: 9.125000 ms)

Prepare: number of updated asset objects reloaded= 0
========================================================================
Received Prepare
AcceleratorClientConnectionCallback - disconnected - :0
Refreshing native plugins compatible for Editor in 9.21 ms, found 5 plugins.
Unloading 22 Unused Serialized files (Serialized files now loaded: 0)
Unloading 7143 unused Assets / (6.1 MB). Loaded Objects now: 8039.
Memory consumption went from 353.3 MB to 347.2 MB.
Total: 23.931700 ms (FindLiveObjects: 5.972900 ms CreateObjectMapping: 4.785700 ms MarkObjects: 8.684400 ms  DeleteObjects: 4.486600 ms)

Prepare: number of updated asset objects reloaded= 0
========================================================================
Received Prepare
AcceleratorClientConnectionCallback - disconnected - :0
[Licensing::Client] Successfully resolved entitlement details
[Licensing::Module] License group:
  Id: F4-G59U-7N8W-FA26-6KKX-XXXX
  Product: Unity Personal
  Type: ULF
  Expiration: 2026-10-16T12:45:23Z
[Licensing::Module] License group:
  Id: 18968324431865-UnityPersXXXX
  Product: Unity Personal
  Type: Assigned
  Expiration: Unlimited
Begin MonoManager ReloadAssembly
Native extension for WindowsStandalone target not found
[Package Manager] Failed to launch server process. Reason: Unity was launched with the -noUpm command-line argument
[Package Manager] Unable to send message (not connected to server process).
[Package Manager] Cannot connect to Unity Package Manager local server
[Package Manager] Failed to launch server process. Reason: Unity was launched with the -noUpm command-line argument
[Package Manager] Unable to send message (not connected to server process).
[Package Manager] Cannot connect to Unity Package Manager local server
ScheduleIndexationOnStartup MainProcess:False IndexOnStartup:True
Mono: successfully reloaded assembly
- Finished resetting the current domain, in  0.619 seconds
Domain Reload Profiling: 2210ms
	BeginReloadAssembly (345ms)
		DisableScriptedObjects (23ms)
		CreateAndSetChildDomain (81ms)
	RebuildCommonClasses (16ms)
	RebuildNativeTypeToScriptingClass (26ms)
	initialDomainReloadingComplete (106ms)
	LoadAllAssembliesAndSetupDomain (1096ms)
		LoadAssemblies (705ms)
		AnalyzeDomain (352ms)
			TypeCache.Refresh (17ms)
			BuildScriptInfoCaches (319ms)
			ResolveRequiredComponents (13ms)
	FinalizeReload (620ms)
		SetupLoadedEditorAssemblies (0ms)
			BeforeProcessingInitializeOnLoad (76ms)
			ProcessInitializeOnLoadAttributes (234ms)
			ProcessInitializeOnLoadMethodAttributes (111ms)
			AfterProcessingInitializeOnLoad (4ms)
		AwakeInstancesAfterBackupRestoration (14ms)
Unloading 22 Unused Serialized files (Serialized files now loaded: 0)
Unloading 7158 unused Assets / (6.5 MB). Loaded Objects now: 8042.
Memory consumption went from 358.6 MB to 352.1 MB.
Total: 11.048500 ms (FindLiveObjects: 0.573900 ms CreateObjectMapping: 2.376300 ms MarkObjects: 4.332200 ms  DeleteObjects: 3.764800 ms)

Prepare: number of updated asset objects reloaded= 0
========================================================================
Received Prepare
AcceleratorClientConnectionCallback - disconnected - :0
Unloading 22 Unused Serialized files (Serialized files now loaded: 0)
Unloading 7144 unused Assets / (6.5 MB). Loaded Objects now: 8043.
Memory consumption went from 360.6 MB to 354.2 MB.
Total: 10.337400 ms (FindLiveObjects: 0.596100 ms CreateObjectMapping: 2.341700 ms MarkObjects: 4.730300 ms  DeleteObjects: 2.668200 ms)

Prepare: number of updated asset objects reloaded= 0
========================================================================
Received Prepare
AcceleratorClientConnectionCallback - disconnected - :0
[Licensing::Client] Successfully resolved entitlement details
[Licensing::Module] License group:
  Id: F4-G59U-7N8W-FA26-6KKX-XXXX
  Product: Unity Personal
  Type: ULF
  Expiration: 2026-10-16T12:45:23Z
[Licensing::Module] License group:
  Id: 18968324431865-UnityPersXXXX
  Product: Unity Personal
  Type: Assigned
  Expiration: Unlimited
Begin MonoManager ReloadAssembly
Native extension for WindowsStandalone target not found
[Package Manager] Failed to launch server process. Reason: Unity was launched with the -noUpm command-line argument
[Package Manager] Unable to send message (not connected to server process).
[Package Manager] Cannot connect to Unity Package Manager local server
[Package Manager] Failed to launch server process. Reason: Unity was launched with the -noUpm command-line argument
[Package Manager] Unable to send message (not connected to server process).
[Package Manager] Cannot connect to Unity Package Manager local server
ScheduleIndexationOnStartup MainProcess:False IndexOnStartup:True
Mono: successfully reloaded assembly
- Finished resetting the current domain, in  0.581 seconds
Domain Reload Profiling: 1299ms
	BeginReloadAssembly (191ms)
		DisableScriptedObjects (11ms)
		CreateAndSetChildDomain (42ms)
	RebuildCommonClasses (7ms)
	RebuildNativeTypeToScriptingClass (13ms)
	initialDomainReloadingComplete (50ms)
	LoadAllAssembliesAndSetupDomain (456ms)
		LoadAssemblies (259ms)
		AnalyzeDomain (181ms)
			TypeCache.Refresh (11ms)
			BuildScriptInfoCaches (162ms)
			ResolveRequiredComponents (7ms)
	FinalizeReload (582ms)
		SetupLoadedEditorAssemblies (0ms)
			BeforeProcessingInitializeOnLoad (73ms)
			ProcessInitializeOnLoadAttributes (220ms)
			ProcessInitializeOnLoadMethodAttributes (111ms)
			AfterProcessingInitializeOnLoad (4ms)
		AwakeInstancesAfterBackupRestoration (15ms)
Unloading 22 Unused Serialized files (Serialized files now loaded: 0)
Unloading 7159 unused Assets / (5.9 MB). Loaded Objects now: 8046.
Memory consumption went from 365.8 MB to 360.0 MB.
Total: 10.710600 ms (FindLiveObjects: 0.638300 ms CreateObjectMapping: 2.710900 ms MarkObjects: 4.693700 ms  DeleteObjects: 2.666500 ms)

Prepare: number of updated asset objects reloaded= 0
========================================================================
Received Import Request.
  Time of request: 2026-09-09T12:35:41.7186418Z
  Time since last request: 1046.83337090000009 seconds.
  importAddress: GUID: 46b6c0f80fd5b68459eaa8280ce2d9ec - Path: Assets/Scripts/OOP/ConeheadZombie.cs - Importer: PreviewImporter
Importing 'GUID: 46b6c0f80fd5b68459eaa8280ce2d9ec - Path: Assets/Scripts/OOP/ConeheadZombie.cs - Importer: PreviewImporter' with importer (PreviewImporter)
Imported 'GUID: 46b6c0f80fd5b68459eaa8280ce2d9ec' -> (Import Result ID: '5cd2f1dfb961b0a1e6a10202f7ae2e28') in 0.007 seconds [static and dynamic dependencies]. Details - ImportResultOutputID=b6cd5aedfd2e6dd98a3e45c201d0c327 DependenciesID=476590e4be756d38da2ac2360ed7041b StaticDependenciesID=bec1f481c903f56e046ac9604ddefca5 
Number of updated asset objects reloaded before import = 0
Number of asset objects unloaded after import = 0
========================================================================
Received Prepare
AcceleratorClientConnectionCallback - disconnected - :0
Unloading 22 Unused Serialized files (Serialized files now loaded: 0)
Unloading 7145 unused Assets / (3.8 MB). Loaded Objects now: 8047.
Memory consumption went from 360.3 MB to 356.5 MB.
Total: 9.695200 ms (FindLiveObjects: 0.557600 ms CreateObjectMapping: 3.111300 ms MarkObjects: 3.987100 ms  DeleteObjects: 2.037700 ms)

Prepare: number of updated asset objects reloaded= 0
========================================================================
Received Prepare
AcceleratorClientConnectionCallback - disconnected - :0
Unloading 22 Unused Serialized files (Serialized files now loaded: 0)
Unloading 7145 unused Assets / (6.0 MB). Loaded Objects now: 8047.
Memory consumption went from 362.2 MB to 356.2 MB.
Total: 8.780100 ms (FindLiveObjects: 0.550500 ms CreateObjectMapping: 2.347400 ms MarkObjects: 3.900600 ms  DeleteObjects: 1.980900 ms)

Prepare: number of updated asset objects reloaded= 0
========================================================================
Received Prepare
AcceleratorClientConnectionCallback - disconnected - :0
[Licensing::Client] Successfully resolved entitlement details
[Licensing::Module] License group:
  Id: F4-G59U-7N8W-FA26-6KKX-XXXX
  Product: Unity Personal
  Type: ULF
  Expiration: 2026-10-16T12:45:23Z
[Licensing::Module] License group:
  Id: 18968324431865-UnityPersXXXX
  Product: Unity Personal
  Type: Assigned
  Expiration: Unlimited
Begin MonoManager ReloadAssembly
Native extension for WindowsStandalone target not found
[Package Manager] Failed to launch server process. Reason: Unity was launched with the -noUpm command-line argument
[Package Manager] Unable to send message (not connected to server process).
[Package Manager] Cannot connect to Unity Package Manager local server
[Package Manager] Failed to launch server process. Reason: Unity was launched with the -noUpm command-line argument
[Package Manager] Unable to send message (not connected to server process).
[Package Manager] Cannot connect to Unity Package Manager local server
ScheduleIndexationOnStartup MainProcess:False IndexOnStartup:True
Mono: successfully reloaded assembly
- Finished resetting the current domain, in  0.582 seconds
Domain Reload Profiling: 1268ms
	BeginReloadAssembly (179ms)
		DisableScriptedObjects (11ms)
		CreateAndSetChildDomain (40ms)
	RebuildCommonClasses (7ms)
	RebuildNativeTypeToScriptingClass (13ms)
	initialDomainReloadingComplete (40ms)
	LoadAllAssembliesAndSetupDomain (446ms)
		LoadAssemblies (249ms)
		AnalyzeDomain (174ms)
			TypeCache.Refresh (9ms)
			BuildScriptInfoCaches (157ms)
			ResolveRequiredComponents (6ms)
	FinalizeReload (583ms)
		SetupLoadedEditorAssemblies (0ms)
			BeforeProcessingInitializeOnLoad (73ms)
			ProcessInitializeOnLoadAttributes (223ms)
			ProcessInitializeOnLoadMethodAttributes (111ms)
			AfterProcessingInitializeOnLoad (4ms)
		AwakeInstancesAfterBackupRestoration (17ms)
Unloading 22 Unused Serialized files (Serialized files now loaded: 0)
Unloading 7160 unused Assets / (5.5 MB). Loaded Objects now: 8050.
Memory consumption went from 366.7 MB to 361.2 MB.
Total: 7.877500 ms (FindLiveObjects: 0.550300 ms CreateObjectMapping: 1.971100 ms MarkObjects: 3.434500 ms  DeleteObjects: 1.921000 ms)

Prepare: number of updated asset objects reloaded= 0
========================================================================
Received Prepare
AcceleratorClientConnectionCallback - disconnected - :0
Unloading 22 Unused Serialized files (Serialized files now loaded: 0)
Unloading 7146 unused Assets / (5.4 MB). Loaded Objects now: 8051.
Memory consumption went from 368.7 MB to 363.3 MB.
Total: 9.191500 ms (FindLiveObjects: 0.582400 ms CreateObjectMapping: 2.529600 ms MarkObjects: 3.853300 ms  DeleteObjects: 2.225500 ms)

Prepare: number of updated asset objects reloaded= 0
========================================================================
Received Prepare
AcceleratorClientConnectionCallback - disconnected - :0
Begin MonoManager ReloadAssembly
Native extension for WindowsStandalone target not found
[Package Manager] Failed to launch server process. Reason: Unity was launched with the -noUpm command-line argument
[Package Manager] Unable to send message (not connected to server process).
[Package Manager] Cannot connect to Unity Package Manager local server
[Package Manager] Failed to launch server process. Reason: Unity was launched with the -noUpm command-line argument
[Package Manager] Unable to send message (not connected to server process).
[Package Manager] Cannot connect to Unity Package Manager local server
ScheduleIndexationOnStartup MainProcess:False IndexOnStartup:True
Mono: successfully reloaded assembly
- Finished resetting the current domain, in  0.654 seconds
Domain Reload Profiling: 1341ms
	BeginReloadAssembly (188ms)
		DisableScriptedObjects (10ms)
		CreateAndSetChildDomain (43ms)
	RebuildCommonClasses (7ms)
	RebuildNativeTypeToScriptingClass (14ms)
	initialDomainReloadingComplete (44ms)
	LoadAllAssembliesAndSetupDomain (434ms)
		LoadAssemblies (245ms)
		AnalyzeDomain (173ms)
			TypeCache.Refresh (9ms)
			BuildScriptInfoCaches (156ms)
			ResolveRequiredComponents (7ms)
	FinalizeReload (655ms)
		SetupLoadedEditorAssemblies (0ms)
			BeforeProcessingInitializeOnLoad (85ms)
			ProcessInitializeOnLoadAttributes (255ms)
			ProcessInitializeOnLoadMethodAttributes (120ms)
			AfterProcessingInitializeOnLoad (4ms)
		AwakeInstancesAfterBackupRestoration (17ms)
Unloading 22 Unused Serialized files (Serialized files now loaded: 0)
Unloading 7161 unused Assets / (5.7 MB). Loaded Objects now: 8054.
Memory consumption went from 373.7 MB to 368.0 MB.
Total: 11.364300 ms (FindLiveObjects: 0.748500 ms CreateObjectMapping: 2.067200 ms MarkObjects: 5.878700 ms  DeleteObjects: 2.668200 ms)

Prepare: number of updated asset objects reloaded= 0
========================================================================
Received Import Request.
  Time of request: 2026-09-09T12:36:56.126597Z
  Time since last request: 74.3908905 seconds.
  importAddress: GUID: 1ab43593464e0d74c85eece26f757809 - Path: Assets/Scripts/OOP/BucketHeadZombie.cs - Importer: PreviewImporter
Importing 'GUID: 1ab43593464e0d74c85eece26f757809 - Path: Assets/Scripts/OOP/BucketHeadZombie.cs - Importer: PreviewImporter' with importer (PreviewImporter)
Imported 'GUID: 1ab43593464e0d74c85eece26f757809' -> (Import Result ID: '7331ce67ca9657f43e3bb63fc20a9937') in 0.011 seconds [static and dynamic dependencies]. Details - ImportResultOutputID=5dbf80d749bc3a9a96348ff0585e91c3 DependenciesID=ef86b115e141a144265a0a873c128621 StaticDependenciesID=cb150033c8047765703b4a93ffb70df4 
Number of updated asset objects reloaded before import = 0
Number of asset objects unloaded after import = 0
========================================================================
Received Prepare
AcceleratorClientConnectionCallback - disconnected - :0
Unloading 22 Unused Serialized files (Serialized files now loaded: 0)
Unloading 7146 unused Assets / (5.6 MB). Loaded Objects now: 8054.
Memory consumption went from 364.5 MB to 358.8 MB.
Total: 10.121500 ms (FindLiveObjects: 0.610300 ms CreateObjectMapping: 1.971200 ms MarkObjects: 5.179900 ms  DeleteObjects: 2.358700 ms)

Prepare: number of updated asset objects reloaded= 0
========================================================================
Received Import Request.
  Time of request: 2026-09-09T12:40:12.1601923Z
  Time since last request: 196.01250970000001 seconds.
  importAddress: GUID: e675b88609d36574aa397f7fe1ea3c66 - Path: Assets/Scripts/OOP/BasicZombie.cs - Importer: PreviewImporter
Importing 'GUID: e675b88609d36574aa397f7fe1ea3c66 - Path: Assets/Scripts/OOP/BasicZombie.cs - Importer: PreviewImporter' with importer (PreviewImporter)
Imported 'GUID: e675b88609d36574aa397f7fe1ea3c66' -> (Import Result ID: 'ef08d104dd89958c38cc088593fd70ce') in 0.005 seconds [static and dynamic dependencies]. Details - ImportResultOutputID=65c0bd2c92bd782fca08baf67d486128 DependenciesID=c8e1cfb2657f3fed9cd216929da65d59 StaticDependenciesID=73a4439d262724e98fb248c51b3015a8 
Number of updated asset objects reloaded before import = 0
Number of asset objects unloaded after import = 0
========================================================================
Received Prepare
AcceleratorClientConnectionCallback - disconnected - :0
[Licensing::Client] Successfully resolved entitlement details
[Licensing::Module] License group:
  Id: F4-G59U-7N8W-FA26-6KKX-XXXX
  Product: Unity Personal
  Type: ULF
  Expiration: 2026-10-16T12:45:23Z
[Licensing::Module] License group:
  Id: 18968324431865-UnityPersXXXX
  Product: Unity Personal
  Type: Assigned
  Expiration: Unlimited
Begin MonoManager ReloadAssembly
Native extension for WindowsStandalone target not found
[Package Manager] Failed to launch server process. Reason: Unity was launched with the -noUpm command-line argument
[Package Manager] Unable to send message (not connected to server process).
[Package Manager] Cannot connect to Unity Package Manager local server
[Package Manager] Failed to launch server process. Reason: Unity was launched with the -noUpm command-line argument
[Package Manager] Unable to send message (not connected to server process).
[Package Manager] Cannot connect to Unity Package Manager local server
ScheduleIndexationOnStartup MainProcess:False IndexOnStartup:True
Mono: successfully reloaded assembly
- Finished resetting the current domain, in  0.582 seconds
Domain Reload Profiling: 1285ms
	BeginReloadAssembly (191ms)
		DisableScriptedObjects (11ms)
		CreateAndSetChildDomain (45ms)
	RebuildCommonClasses (7ms)
	RebuildNativeTypeToScriptingClass (13ms)
	initialDomainReloadingComplete (41ms)
	LoadAllAssembliesAndSetupDomain (450ms)
		LoadAssemblies (259ms)
		AnalyzeDomain (179ms)
			TypeCache.Refresh (10ms)
			BuildScriptInfoCaches (161ms)
			ResolveRequiredComponents (7ms)
	FinalizeReload (583ms)
		SetupLoadedEditorAssemblies (0ms)
			BeforeProcessingInitializeOnLoad (76ms)
			ProcessInitializeOnLoadAttributes (224ms)
			ProcessInitializeOnLoadMethodAttributes (109ms)
			AfterProcessingInitializeOnLoad (4ms)
		AwakeInstancesAfterBackupRestoration (14ms)
Unloading 22 Unused Serialized files (Serialized files now loaded: 0)
Unloading 7161 unused Assets / (5.6 MB). Loaded Objects now: 8057.
Memory consumption went from 360.4 MB to 354.8 MB.
Total: 7.474400 ms (FindLiveObjects: 0.545800 ms CreateObjectMapping: 1.431200 ms MarkObjects: 3.594800 ms  DeleteObjects: 1.901900 ms)

Prepare: number of updated asset objects reloaded= 0
========================================================================
Received Prepare
AcceleratorClientConnectionCallback - disconnected - :0
Unloading 22 Unused Serialized files (Serialized files now loaded: 0)
Unloading 7146 unused Assets / (5.8 MB). Loaded Objects now: 8057.
Memory consumption went from 362.4 MB to 356.6 MB.
Total: 10.007300 ms (FindLiveObjects: 0.654500 ms CreateObjectMapping: 2.797800 ms MarkObjects: 4.318200 ms  DeleteObjects: 2.234900 ms)

Prepare: number of updated asset objects reloaded= 0
========================================================================
Received Import Request.
  Time of request: 2026-09-09T12:40:41.7574834Z
  Time since last request: 29.5841611 seconds.
  importAddress: GUID: 1ab43593464e0d74c85eece26f757809 - Path: Assets/Scripts/OOP/BucketHeadZombie.cs - Importer: PreviewImporter
Importing 'GUID: 1ab43593464e0d74c85eece26f757809 - Path: Assets/Scripts/OOP/BucketHeadZombie.cs - Importer: PreviewImporter' with importer (PreviewImporter)
Imported 'GUID: 1ab43593464e0d74c85eece26f757809' -> (Import Result ID: 'de92591ea043afe52ca72265ce6ffe64') in 0.003 seconds [static and dynamic dependencies]. Details - ImportResultOutputID=5dbf80d749bc3a9a96348ff0585e91c3 DependenciesID=d1e4a9550759181fbe39da4c8b8589ed StaticDependenciesID=571d2586361fb049dba14aaeab77cc84 
Number of updated asset objects reloaded before import = 0
Number of asset objects unloaded after import = 0
========================================================================
Received Prepare
AcceleratorClientConnectionCallback - disconnected - :0
Begin MonoManager ReloadAssembly
Native extension for WindowsStandalone target not found
[Package Manager] Failed to launch server process. Reason: Unity was launched with the -noUpm command-line argument
[Package Manager] Unable to send message (not connected to server process).
[Package Manager] Cannot connect to Unity Package Manager local server
[Package Manager] Failed to launch server process. Reason: Unity was launched with the -noUpm command-line argument
[Package Manager] Unable to send message (not connected to server process).
[Package Manager] Cannot connect to Unity Package Manager local server
ScheduleIndexationOnStartup MainProcess:False IndexOnStartup:True
Mono: successfully reloaded assembly
- Finished resetting the current domain, in  0.621 seconds
Domain Reload Profiling: 1322ms
	BeginReloadAssembly (191ms)
		DisableScriptedObjects (10ms)
		CreateAndSetChildDomain (44ms)
	RebuildCommonClasses (7ms)
	RebuildNativeTypeToScriptingClass (12ms)
	initialDomainReloadingComplete (45ms)
	LoadAllAssembliesAndSetupDomain (445ms)
		LoadAssemblies (253ms)
		AnalyzeDomain (176ms)
			TypeCache.Refresh (9ms)
			BuildScriptInfoCaches (159ms)
			ResolveRequiredComponents (6ms)
	FinalizeReload (622ms)
		SetupLoadedEditorAssemblies (0ms)
			BeforeProcessingInitializeOnLoad (86ms)
			ProcessInitializeOnLoadAttributes (237ms)
			ProcessInitializeOnLoadMethodAttributes (117ms)
			AfterProcessingInitializeOnLoad (4ms)
		AwakeInstancesAfterBackupRestoration (15ms)
Unloading 22 Unused Serialized files (Serialized files now loaded: 0)
Unloading 7161 unused Assets / (5.7 MB). Loaded Objects now: 8060.
Memory consumption went from 365.1 MB to 359.4 MB.
Total: 8.391600 ms (FindLiveObjects: 0.601300 ms CreateObjectMapping: 2.007000 ms MarkObjects: 3.737200 ms  DeleteObjects: 2.045300 ms)

Prepare: number of updated asset objects reloaded= 0
========================================================================
Received Import Request.
  Time of request: 2026-09-09T12:41:00.0968837Z
  Time since last request: 18.324067 seconds.
  importAddress: GUID: 1ab43593464e0d74c85eece26f757809 - Path: Assets/Scripts/OOP/BucketHeadZombie.cs - Importer: ScriptedImporter/UnityEditor.QuickSearchModule:UnityEditor.Search:ASIAI0B
Importing 'GUID: 1ab43593464e0d74c85eece26f757809 - Path: Assets/Scripts/OOP/BucketHeadZombie.cs - Importer: ScriptedImporter/UnityEditor.QuickSearchModule:UnityEditor.Search:ASIAI0B' with importer (ScriptedImporter : UnityEditor.QuickSearchModule:UnityEditor.Search:ASIAI0B)
Imported 'GUID: 1ab43593464e0d74c85eece26f757809' -> (Import Result ID: 'e699930915f44dbba30fa44ed08fd677') in 0.077 seconds [static and dynamic dependencies]. Details - ImportResultOutputID=2d0947b544700df84166e768b4c8b7c6 DependenciesID=f1bffb9ed4e390ea7ff09c91df7c86ac StaticDependenciesID=73002645c9becc6e94147e250f167814 
Number of updated asset objects reloaded before import = 0
Number of asset objects unloaded after import = 0
========================================================================
Received Prepare
AcceleratorClientConnectionCallback - disconnected - :0
Unloading 22 Unused Serialized files (Serialized files now loaded: 0)
Unloading 7147 unused Assets / (5.7 MB). Loaded Objects now: 8061.
Memory consumption went from 364.8 MB to 359.0 MB.
Total: 8.889800 ms (FindLiveObjects: 0.568700 ms CreateObjectMapping: 2.401900 ms MarkObjects: 3.790900 ms  DeleteObjects: 2.127500 ms)

Prepare: number of updated asset objects reloaded= 0
========================================================================
Received Prepare
AcceleratorClientConnectionCallback - disconnected - :0
Unloading 22 Unused Serialized files (Serialized files now loaded: 0)
Unloading 7147 unused Assets / (6.4 MB). Loaded Objects now: 8061.
Memory consumption went from 366.7 MB to 360.2 MB.
Total: 10.574100 ms (FindLiveObjects: 0.632900 ms CreateObjectMapping: 2.845800 ms MarkObjects: 4.442300 ms  DeleteObjects: 2.652100 ms)

Prepare: number of updated asset objects reloaded= 0
========================================================================
Received Import Request.
  Time of request: 2026-09-09T12:41:55.5331194Z
  Time since last request: 55.3496526 seconds.
  importAddress: GUID: 10c4f369eb0dc8140832cfef0122debc - Path: Assets/Scripts/OOP/IDamagable.cs - Importer: PreviewImporter
Importing 'GUID: 10c4f369eb0dc8140832cfef0122debc - Path: Assets/Scripts/OOP/IDamagable.cs - Importer: PreviewImporter' with importer (PreviewImporter)
Imported 'GUID: 10c4f369eb0dc8140832cfef0122debc' -> (Import Result ID: 'd48b3010726f7d414469c2041626063d') in 0.002 seconds [static and dynamic dependencies]. Details - ImportResultOutputID=6030db682abe069ecf6411e8839ec6c0 DependenciesID=1a38989301187e4159be60efe612c028 StaticDependenciesID=9729db03bb241dde6c7af6a5749fdc46 
Number of updated asset objects reloaded before import = 0
Number of asset objects unloaded after import = 0
========================================================================
Received Prepare
AcceleratorClientConnectionCallback - disconnected - :0
[Licensing::Client] Successfully resolved entitlement details
[Licensing::Module] License group:
  Id: F4-G59U-7N8W-FA26-6KKX-XXXX
  Product: Unity Personal
  Type: ULF
  Expiration: 2026-10-16T12:45:23Z
[Licensing::Module] License group:
  Id: 18968324431865-UnityPersXXXX
  Product: Unity Personal
  Type: Assigned
  Expiration: Unlimited
Begin MonoManager ReloadAssembly
Native extension for WindowsStandalone target not found
[Package Manager] Failed to launch server process. Reason: Unity was launched with the -noUpm command-line argument
[Package Manager] Unable to send message (not connected to server process).
[Package Manager] Cannot connect to Unity Package Manager local server
[Package Manager] Failed to launch server process. Reason: Unity was launched with the -noUpm command-line argument
[Package Manager] Unable to send message (not connected to server process).
[Package Manager] Cannot connect to Unity Package Manager local server
ScheduleIndexationOnStartup MainProcess:False IndexOnStartup:True
Mono: successfully reloaded assembly
- Finished resetting the current domain, in  0.747 seconds
Domain Reload Profiling: 1587ms
	BeginReloadAssembly (225ms)
		DisableScriptedObjects (12ms)
		CreateAndSetChildDomain (61ms)
	RebuildCommonClasses (12ms)
	RebuildNativeTypeToScriptingClass (22ms)
	initialDomainReloadingComplete (43ms)
	LoadAllAssembliesAndSetupDomain (536ms)
		LoadAssemblies (286ms)
		AnalyzeDomain (228ms)
			TypeCache.Refresh (14ms)
			BuildScriptInfoCaches (206ms)
			ResolveRequiredComponents (7ms)
	FinalizeReload (748ms)
		SetupLoadedEditorAssemblies (0ms)
			BeforeProcessingInitializeOnLoad (100ms)
			ProcessInitializeOnLoadAttributes (293ms)
			ProcessInitializeOnLoadMethodAttributes (122ms)
			AfterProcessingInitializeOnLoad (4ms)
		AwakeInstancesAfterBackupRestoration (18ms)
Unloading 22 Unused Serialized files (Serialized files now loaded: 0)
Unloading 7162 unused Assets / (4.9 MB). Loaded Objects now: 8064.
Memory consumption went from 370.7 MB to 365.8 MB.
Total: 8.965300 ms (FindLiveObjects: 0.571800 ms CreateObjectMapping: 1.619300 ms MarkObjects: 3.755000 ms  DeleteObjects: 3.018100 ms)

Prepare: number of updated asset objects reloaded= 0
========================================================================
Received Prepare
AcceleratorClientConnectionCallback - disconnected - :0
Unloading 22 Unused Serialized files (Serialized files now loaded: 0)
Unloading 22 unused Assets / (2.6 MB). Loaded Objects now: 8064.
Memory consumption went from 367.4 MB to 364.8 MB.
Total: 16.901400 ms (FindLiveObjects: 0.612900 ms CreateObjectMapping: 1.032900 ms MarkObjects: 14.771100 ms  DeleteObjects: 0.482800 ms)

Prepare: number of updated asset objects reloaded= 0
Editor requested this worker to shutdown with reason: Editor is closing down
AcceleratorClientConnectionCallback - disconnected - :0
AssetImportWorker is now disconnected from the server
Process exiting
Exiting without the bug reporter. Application will terminate with return code 0