[Licensing::Module] Trying to connect to existing licensing client channel...
[Licensing::IpcConnector] Successfully connected to: "LicenseClient-MSI" at "2026-09-14T13:49:58.9950307Z"
Built from '6000.5/staging' branch; Version is '6000.5.4f1 (d550df8bd089) revision 13979871'; Using compiler version '194234433'; Build Type 'Release'
OS: 'Windows 11  (10.0.26200) Professional' Language: 'en' Physical Memory: 16084 MB
BatchMode: 1, IsHumanControllingUs: 0, StartBugReporterOnCrash: 0, Is64bit: 1
System  architecture: x64
Process architecture: x64
Date: 2026-09-14T13:49:58Z

COMMAND LINE ARGUMENTS:
C:\Program Files\Unity\Hub\Editor\6000.5.4f1\Editor\Unity.exe
-adb2
-batchMode
-noUpm
-name
AssetImportWorkerHW0
-projectPath
D:/Program Files/UnityProject/CoinCollector2
-logFile
Logs/AssetImportWorkerHW0.log
-srvPort
58017
-parentPid
3580
-analyticsCloudUserId
anonymous
-analyticsCloudProjectId
cc8a84e1-fc51-4716-881f-d7844702efe8
-analyticsLocalProjectId
4a9eda89a9508d849afcde148eeeae4e
-licensingIpc
LicenseClient-MSI
-noDiagnosticSwitchPersistentStore
-job-worker-count
11
-background-job-worker-count
8
-asset-garbage-collectors
1
-force-d3d12
-name
AssetImport
Successfully changed project path to: D:/Program Files/UnityProject/CoinCollector2
D:/Program Files/UnityProject/CoinCollector2
[UnityMemory] Configuration Parameters - Can be set up in boot.config
    "memorysetup-temp-allocator-size-gi-baking-worker=262144"
    "memorysetup-temp-allocator-size-gi-baking-worker=262144"
    "memorysetup-temp-allocator-size-gi-baking-worker=262144"
    "memorysetup-temp-allocator-size-gi-baking-worker=262144"
    "memorysetup-temp-allocator-size-gi-baking-worker=262144"
    "memorysetup-temp-allocator-size-nav-mesh-worker=65536"
    "memorysetup-temp-allocator-size-audio-worker=65536"
    "memorysetup-temp-allocator-size-cloud-worker=32768"
    "memorysetup-temp-allocator-size-gfx=262144"
    "memorysetup-temp-allocator-size-preload-manager=33554432"
    "memorysetup-allocator-temp-initial-block-size-main=262144"
    "memorysetup-allocator-temp-initial-block-size-worker=262144"
    "memorysetup-temp-allocator-size-job-worker=262144"
    "memorysetup-temp-allocator-size-background-worker=32768"
    "memorysetup-bucket-allocator-granularity=16"
    "memorysetup-bucket-allocator-bucket-count=8"
    "memorysetup-bucket-allocator-block-size=33554432"
    "memorysetup-bucket-allocator-block-count=8"
    "memorysetup-main-allocator-block-size=16777216"
    "memorysetup-thread-allocator-block-size=16777216"
    "memorysetup-main-allocator-mimalloc-enabled=0"
    "memorysetup-gfx-main-allocator-block-size=16777216"
    "memorysetup-gfx-thread-allocator-block-size=16777216"
    "memorysetup-cache-allocator-block-size=4194304"
    "memorysetup-typetree-allocator-block-size=2097152"
    "memorysetup-profiler-bucket-allocator-granularity=16"
    "memorysetup-profiler-bucket-allocator-bucket-count=8"
    "memorysetup-profiler-bucket-allocator-block-size=33554432"
    "memorysetup-profiler-bucket-allocator-block-count=8"
    "memorysetup-profiler-allocator-block-size=16777216"
    "memorysetup-profiler-editor-allocator-block-size=1048576"
    "memorysetup-temp-allocator-size-main=16777216"
    "memorysetup-job-temp-allocator-block-size=2097152"
    "memorysetup-job-temp-allocator-block-size-background=1048576"
    "memorysetup-job-temp-allocator-reduction-small-platforms=262144"
Player connection [11420]  Target information:

Player connection [11420]  * "[IP] 192.168.0.150 [Port] 0 [Flags] 2 [Guid] 522554389 [EditorId] 522554389 [Version] 1048832 [Id] WindowsEditor(7,DESKTOP-IV6EORE) [Debug] 1 [PackageName] WindowsEditor [ProjectName] Editor" 

Player connection [11420] Host joined multi-casting on [225.0.0.222:54997]...
Player connection [11420] Host joined alternative multi-casting on [225.0.0.222:34997]...
JobSystem: Creating JobQueue using job-worker-count value 11
Input System module state changed to: Initialized.
[Physics::Module] Initialized fallback backend.
[Physics::Module] Id: 0xdecafbad
Library Redirect Path: Library/
[Physics::Module] Selected backend.
[Physics::Module] Name: PhysX
[Physics::Module] Id: 0xf2b8ea05
[Physics::Module] SDK Version: 4.1.2
[Physics::Module] Integration Version: 1.0.0
[Physics::Module] Threading Mode: Multi-Threaded
Refreshing native plugins compatible for Editor in 26.43 ms, found 5 plugins.
Initialize engine version: 6000.5.4f1 (d550df8bd089)
[Subsystems] Discovering subsystems at path C:/Program Files/Unity/Hub/Editor/6000.5.4f1/Editor/Data/Resources/UnitySubsystems
[Subsystems] Discovering subsystems at path D:/Program Files/UnityProject/CoinCollector2/Assets
Forcing GfxDevice: Direct3D 12
GfxDevice: creating device client; kGfxThreadingModeNonThreaded
d3d12: failed to query info queue interface (0x80004002).
Direct3D:
    Version:         Direct3D 12 [level 12.2]
    Renderer:        NVIDIA GeForce RTX 5050 Laptop GPU (ID=0x2d98)
    Vendor:          NVIDIA
    VRAM:            7910 MB
    App VRAM Budget: 7142 MB
    Driver:          32.0.16.1047
Initialize mono
Mono path[0] = 'C:/Program Files/Unity/Hub/Editor/6000.5.4f1/Editor/Data/Managed'
Mono path[1] = 'C:/Program Files/Unity/Hub/Editor/6000.5.4f1/Editor/Data/BCLExtensions/runtime/netstandard2.1'
Mono path[2] = 'C:/Program Files/Unity/Hub/Editor/6000.5.4f1/Editor/Data/MonoBleedingEdge/lib/mono/unityjit-win32'
Mono config path = 'C:/Program Files/Unity/Hub/Editor/6000.5.4f1/Editor/Data/MonoBleedingEdge/etc'
Using monoOptions --debugger-agent=transport=dt_socket,embedding=1,server=y,suspend=n,address=127.0.0.1:56592
CodeReloadManager initialized
Begin MonoManager ReloadAssembly
Registering precompiled unity dll's ...
Register platform support module: C:/Program Files/Unity/Hub/Editor/6000.5.4f1/Editor/Data/PlaybackEngines/WindowsStandaloneSupport/UnityEditor.WindowsStandalone.Extensions.dll
Registered in 0.003462 seconds.
Native extension for WindowsStandalone target not found
Package Manager log level set to [2]
[Package Manager] Failed to launch server process. Reason: Unity was launched with the -noUpm command-line argument
[Package Manager] Unable to send message (not connected to server process).
[Package Manager] Cannot connect to Unity Package Manager local server
ScheduleIndexationOnStartup MainProcess:False IndexOnStartup:True
Mono: successfully reloaded assembly
- Finished resetting the current domain, in  0.775 seconds
Domain Reload Profiling: 2195ms
	BeginReloadAssembly (405ms)
	RebuildCommonClasses (18ms)
	RebuildNativeTypeToScriptingClass (39ms)
	initialDomainReloadingComplete (143ms)
	LoadAllAssembliesAndSetupDomain (810ms)
		LoadAssemblies (400ms)
		AnalyzeDomain (577ms)
			TypeCache.Refresh (573ms)
				TypeCache.ScanAssembly (532ms)
	FinalizeReload (780ms)
		SetupLoadedEditorAssemblies (0ms)
			InitializePlatformSupportModulesInManaged (4ms)
			BeforeProcessingInitializeOnLoad (205ms)
			ProcessInitializeOnLoadAttributes (204ms)
			ProcessInitializeOnLoadMethodAttributes (206ms)
Initializing Unity extensions:
[Licensing::Module] Licensing is not yet initialized.
[Licensing::Client] Error: HandshakeResponse reported an error:
	ResponseCode: 505
	ResponseStatus: Unsupported protocol version '1.18.1'.
[Licensing::Module] Error: Failed to handshake to channel: "LicenseClient-MSI"
[Licensing::IpcConnector] LicenseClient-MSI channel disconnected successfully.
[Licensing::IpcConnector] Successfully connected to: "LicenseClient-MSI-6000.5.4" at "2026-09-14T13:50:20.7831587Z"
[Licensing::Client] Code 10 while verifying Licensing Client signature (process Id: 10768, path: "C:/Program Files/Unity/Hub/Editor/6000.5.4f1/Editor/Data/Resources/Licensing/Client/Unity.Licensing.Client.exe")
[Licensing::Module] LicensingClient has failed validation; ignoring
[Licensing::Client] Handshaking with LicensingClient:
  Version:                 1.18.1+9fbee8e
  Session Id:              2f55b81d9cb74c76b12f6e8acf632cd1
  Correlation Id:          8728aa818c97bca38d0d7511c635ccc9
  External correlation Id: 1832886133204619035
  Machine Id:              G3lYOn2ti/3l54/u/x1mbXwQAnM=
[Licensing::Module] Successfully connected to LicensingClient on channel: "LicenseClient-MSI-6000.5.4" (connect: 0.00s, validation: 0.00s, handshake: 0.11s)
[Licensing::IpcConnector] Successfully connected to: "LicenseClient-MSI-6000.5.4-notifications" at "2026-09-14T13:50:20.8928198Z"
[Licensing::Module] Licensing Background thread has ended after 21.90s
[Licensing::Module] Licensing is initialized (took 15.15s).
[Licensing::Client] Successfully resolved entitlement details
[Licensing::Module] License group:
  Id: F4-G59U-7N8W-FA26-6KKX-XXXX
  Product: Unity Personal
  Type: ULF
  Expiration: 2026-10-21T14:48:29Z
[Licensing::Module] License group:
  Id: 18968324431865-UnityPersXXXX
  Product: Unity Personal
  Type: Assigned
  Expiration: Unlimited
========================================================================
Worker process is ready to serve import requests
Import Worker Mode flag is 0x00
Curl error 3: URL rejected: Malformed input to a URL function
Begin MonoManager ReloadAssembly
Refreshing native plugins compatible for Editor in 3.52 ms, found 5 plugins.
Native extension for WindowsStandalone target not found
[Package Manager] Failed to launch server process. Reason: Unity was launched with the -noUpm command-line argument
[Package Manager] Unable to send message (not connected to server process).
[Package Manager] Cannot connect to Unity Package Manager local server
Refreshing native plugins compatible for Editor in 4.94 ms, found 5 plugins.
[Package Manager] Failed to launch server process. Reason: Unity was launched with the -noUpm command-line argument
[Package Manager] Unable to send message (not connected to server process).
[Package Manager] Cannot connect to Unity Package Manager local server
ScheduleIndexationOnStartup MainProcess:False IndexOnStartup:True
Mono: successfully reloaded assembly
- Finished resetting the current domain, in  1.909 seconds
Domain Reload Profiling: 4309ms
	BeginReloadAssembly (396ms)
		DisableScriptedObjects (12ms)
		CreateAndSetChildDomain (70ms)
	RebuildCommonClasses (17ms)
	RebuildNativeTypeToScriptingClass (43ms)
	initialDomainReloadingComplete (115ms)
	LoadAllAssembliesAndSetupDomain (1827ms)
		LoadAssemblies (881ms)
		AnalyzeDomain (746ms)
			TypeCache.Refresh (480ms)
				TypeCache.ScanAssembly (450ms)
			BuildScriptInfoCaches (247ms)
			ResolveRequiredComponents (15ms)
	FinalizeReload (1910ms)
		SetupLoadedEditorAssemblies (0ms)
			BeforeProcessingInitializeOnLoad (197ms)
			ProcessInitializeOnLoadAttributes (806ms)
			ProcessInitializeOnLoadMethodAttributes (498ms)
			AfterProcessingInitializeOnLoad (13ms)
		AwakeInstancesAfterBackupRestoration (6ms)
AcceleratorClientConnectionCallback - disconnected - :0
Launched and connected shader compiler UnityShaderCompiler.exe after 0.03 seconds
Refreshing native plugins compatible for Editor in 2.63 ms, found 5 plugins.
Unloading 22 Unused Serialized files (Serialized files now loaded: 0)
Curl error 3: URL rejected: Malformed input to a URL function
Unloading 7164 unused Assets / (5.8 MB). Loaded Objects now: 8034.
Memory consumption went from 347.9 MB to 342.1 MB.
Total: 13.784600 ms (FindLiveObjects: 1.075100 ms CreateObjectMapping: 3.324100 ms MarkObjects: 6.700200 ms  DeleteObjects: 2.680200 ms)

========================================================================
Received Import Request.
  Time of request: 2026-09-14T13:51:44.4311031Z
  Time since last request: 834.52879629999995 seconds.
  importAddress: GUID: 8c9cfa26abfee488c85f1582747f6a02 - Path: Assets/Scenes/SampleScene.unity - Importer: ScriptedImporter/UnityEditor.QuickSearchModule:UnityEditor.Search:ASIAI0B
Importing 'GUID: 8c9cfa26abfee488c85f1582747f6a02 - Path: Assets/Scenes/SampleScene.unity - Importer: ScriptedImporter/UnityEditor.QuickSearchModule:UnityEditor.Search:ASIAI0B' with importer (ScriptedImporter : UnityEditor.QuickSearchModule:UnityEditor.Search:ASIAI0B)
Imported 'GUID: 8c9cfa26abfee488c85f1582747f6a02' -> (Import Result ID: '344dc27c780dd687345413cac3ae2e8f') in 0.090 seconds [static and dynamic dependencies]. Details - ImportResultOutputID=cb40d1788fb9e8d847368a22f06626a5 DependenciesID=a26722f7a79c9e4212265311e9f533c2 StaticDependenciesID=d45c7056956c6fe1fb09ab71ea192b45 
Number of updated asset objects reloaded before import = 0
Number of asset objects unloaded after import = 1
========================================================================
Received Import Request.
  Time of request: 2026-09-14T13:51:55.4048432Z
  Time since last request: 10.8673108 seconds.
  importAddress: GUID: b9c0b495e72742b40a132d4b148e24e8 - Path: Assets/Scripts/Events - Importer: PreviewImporter
Importing 'GUID: b9c0b495e72742b40a132d4b148e24e8 - Path: Assets/Scripts/Events - Importer: PreviewImporter' with importer (PreviewImporter)
Imported 'GUID: b9c0b495e72742b40a132d4b148e24e8' -> (Import Result ID: '773d60169a756acc023b243f6edf7fd5') in 0.011 seconds [static and dynamic dependencies]. Details - ImportResultOutputID=8abf00f13214638e45fb969bac342333 DependenciesID=bf3d35ebbf8f6c15b214de4964c0eefa StaticDependenciesID=8b094348b2d0cef1034ee9482a8e7e8e 
Number of updated asset objects reloaded before import = 0
Number of asset objects unloaded after import = 0
========================================================================
Received Import Request.
  Time of request: 2026-09-14T13:51:56.3774065Z
  Time since last request: 0.9519939 seconds.
  importAddress: GUID: b9c0b495e72742b40a132d4b148e24e8 - Path: Assets/Scripts/Events - Importer: ScriptedImporter/UnityEditor.QuickSearchModule:UnityEditor.Search:ASIAI0B
Importing 'GUID: b9c0b495e72742b40a132d4b148e24e8 - Path: Assets/Scripts/Events - Importer: ScriptedImporter/UnityEditor.QuickSearchModule:UnityEditor.Search:ASIAI0B' with importer (ScriptedImporter : UnityEditor.QuickSearchModule:UnityEditor.Search:ASIAI0B)
Imported 'GUID: b9c0b495e72742b40a132d4b148e24e8' -> (Import Result ID: '8be874115f0d30832612df041b7c26f9') in 0.005 seconds [static and dynamic dependencies]. Details - ImportResultOutputID=4829ccb67cf206266726c1d6a9df8b96 DependenciesID=8d07659c02096e3507a98014dafc788e StaticDependenciesID=6cc91acb36f5080fb57d4f4f693acc9a 
Number of updated asset objects reloaded before import = 0
Number of asset objects unloaded after import = 1
========================================================================
Received Prepare
AcceleratorClientConnectionCallback - disconnected - :0
Unloading 22 Unused Serialized files (Serialized files now loaded: 0)
Unloading 7148 unused Assets / (6.1 MB). Loaded Objects now: 8037.
Memory consumption went from 346.9 MB to 340.9 MB.
Total: 13.696600 ms (FindLiveObjects: 0.666000 ms CreateObjectMapping: 3.237200 ms MarkObjects: 6.945300 ms  DeleteObjects: 2.846400 ms)

Prepare: number of updated asset objects reloaded= 0
========================================================================
Received Import Request.
  Time of request: 2026-09-14T13:52:13.8868112Z
  Time since last request: 17.4857257 seconds.
  importAddress: GUID: a918ca484723ae44f8336d05e95cb172 - Path: Assets/Scripts/Events/BelajarDelegate.cs - Importer: PreviewImporter
Importing 'GUID: a918ca484723ae44f8336d05e95cb172 - Path: Assets/Scripts/Events/BelajarDelegate.cs - Importer: PreviewImporter' with importer (PreviewImporter)
Imported 'GUID: a918ca484723ae44f8336d05e95cb172' -> (Import Result ID: '9e586c19398a3b6d96a2ecd0b06e7874') in 0.001 seconds [static and dynamic dependencies]. Details - ImportResultOutputID=7b63d75dc25dade9d18a3f6c2471ee2d DependenciesID=52b342374ca95c944b02701746f55d8d StaticDependenciesID=cdb6fdf30c639b74b393958e5ce41055 
Number of updated asset objects reloaded before import = 0
Number of asset objects unloaded after import = 0
========================================================================
Received Import Request.
  Time of request: 2026-09-14T13:52:14.2701442Z
  Time since last request: 0.3664568 seconds.
  importAddress: GUID: a918ca484723ae44f8336d05e95cb172 - Path: Assets/Scripts/Events/BelajarDelegate.cs - Importer: ScriptedImporter/UnityEditor.QuickSearchModule:UnityEditor.Search:ASIAI0B
Importing 'GUID: a918ca484723ae44f8336d05e95cb172 - Path: Assets/Scripts/Events/BelajarDelegate.cs - Importer: ScriptedImporter/UnityEditor.QuickSearchModule:UnityEditor.Search:ASIAI0B' with importer (ScriptedImporter : UnityEditor.QuickSearchModule:UnityEditor.Search:ASIAI0B)
Imported 'GUID: a918ca484723ae44f8336d05e95cb172' -> (Import Result ID: '870551bcfb40ab6a189eef2da605403f') in 0.021 seconds [static and dynamic dependencies]. Details - ImportResultOutputID=7bd1ae79728ea27b62d29b6ee35abf61 DependenciesID=111fbeed90b9f84a81c4b0475a1f0678 StaticDependenciesID=8f18b7a9ed86076f2474b95b4fafe1c6 
Number of updated asset objects reloaded before import = 0
Number of asset objects unloaded after import = 0
========================================================================
Received Prepare
AcceleratorClientConnectionCallback - disconnected - :0
Refreshing native plugins compatible for Editor in 2.67 ms, found 5 plugins.
Unloading 22 Unused Serialized files (Serialized files now loaded: 0)
Unloading 7148 unused Assets / (7.0 MB). Loaded Objects now: 8037.
Memory consumption went from 347.0 MB to 340.0 MB.
Total: 19.209200 ms (FindLiveObjects: 0.860500 ms CreateObjectMapping: 4.404800 ms MarkObjects: 9.884900 ms  DeleteObjects: 4.056800 ms)

Prepare: number of updated asset objects reloaded= 0
========================================================================
Received Prepare
AcceleratorClientConnectionCallback - disconnected - :0
[Licensing::Client] Successfully resolved entitlement details
[Licensing::Module] License group:
  Id: F4-G59U-7N8W-FA26-6KKX-XXXX
  Product: Unity Personal
  Type: ULF
  Expiration: 2026-10-21T14:48:29Z
[Licensing::Module] License group:
  Id: 18968324431865-UnityPersXXXX
  Product: Unity Personal
  Type: Assigned
  Expiration: Unlimited
Begin MonoManager ReloadAssembly
Native extension for WindowsStandalone target not found
[Package Manager] Failed to launch server process. Reason: Unity was launched with the -noUpm command-line argument
[Package Manager] Unable to send message (not connected to server process).
[Package Manager] Cannot connect to Unity Package Manager local server
[Package Manager] Failed to launch server process. Reason: Unity was launched with the -noUpm command-line argument
[Package Manager] Unable to send message (not connected to server process).
[Package Manager] Cannot connect to Unity Package Manager local server
ScheduleIndexationOnStartup MainProcess:False IndexOnStartup:True
Mono: successfully reloaded assembly
- Finished resetting the current domain, in  0.962 seconds
Domain Reload Profiling: 2045ms
	BeginReloadAssembly (297ms)
		DisableScriptedObjects (15ms)
		CreateAndSetChildDomain (64ms)
	RebuildCommonClasses (12ms)
	RebuildNativeTypeToScriptingClass (17ms)
	initialDomainReloadingComplete (76ms)
	LoadAllAssembliesAndSetupDomain (679ms)
		LoadAssemblies (437ms)
		AnalyzeDomain (237ms)
			TypeCache.Refresh (11ms)
			BuildScriptInfoCaches (215ms)
			ResolveRequiredComponents (8ms)
	FinalizeReload (964ms)
		SetupLoadedEditorAssemblies (0ms)
			BeforeProcessingInitializeOnLoad (122ms)
			ProcessInitializeOnLoadAttributes (357ms)
			ProcessInitializeOnLoadMethodAttributes (214ms)
			AfterProcessingInitializeOnLoad (5ms)
		AwakeInstancesAfterBackupRestoration (25ms)
Unloading 22 Unused Serialized files (Serialized files now loaded: 0)
Unloading 7163 unused Assets / (5.8 MB). Loaded Objects now: 8041.
Memory consumption went from 341.9 MB to 336.1 MB.
Total: 17.045000 ms (FindLiveObjects: 2.876800 ms CreateObjectMapping: 3.183400 ms MarkObjects: 7.569600 ms  DeleteObjects: 3.413000 ms)

Prepare: number of updated asset objects reloaded= 0
========================================================================
Received Import Request.
  Time of request: 2026-09-14T13:57:49.0955551Z
  Time since last request: 334.7894546 seconds.
  importAddress: GUID: a918ca484723ae44f8336d05e95cb172 - Path: Assets/Scripts/Events/BelajarDelegate.cs - Importer: ScriptedImporter/UnityEditor.QuickSearchModule:UnityEditor.Search:ASIAI0B
Importing 'GUID: a918ca484723ae44f8336d05e95cb172 - Path: Assets/Scripts/Events/BelajarDelegate.cs - Importer: ScriptedImporter/UnityEditor.QuickSearchModule:UnityEditor.Search:ASIAI0B' with importer (ScriptedImporter : UnityEditor.QuickSearchModule:UnityEditor.Search:ASIAI0B)
Imported 'GUID: a918ca484723ae44f8336d05e95cb172' -> (Import Result ID: 'ea3c571920e9cb930a572f7f3eaf38cc') in 0.079 seconds [static and dynamic dependencies]. Details - ImportResultOutputID=0ae5d5b96cc0c94bbdd8fafc8b29771e DependenciesID=5f80affcad78f126061e3ff6f1dd7ddf StaticDependenciesID=686c1de56f7e7ee4719613f6756257eb 
Number of updated asset objects reloaded before import = 0
Number of asset objects unloaded after import = 0
========================================================================
Received Prepare
AcceleratorClientConnectionCallback - disconnected - :0
Unloading 22 Unused Serialized files (Serialized files now loaded: 0)
Unloading 7149 unused Assets / (5.8 MB). Loaded Objects now: 8042.
Memory consumption went from 344.8 MB to 339.1 MB.
Total: 12.970600 ms (FindLiveObjects: 0.707400 ms CreateObjectMapping: 3.528200 ms MarkObjects: 6.119300 ms  DeleteObjects: 2.614700 ms)

Prepare: number of updated asset objects reloaded= 0
========================================================================
Received Import Request.
  Time of request: 2026-09-14T13:57:56.85543Z
  Time since last request: 7.66824 seconds.
  importAddress: GUID: 6ff9d0874755311479a665ffdee76849 - Path: Assets/Scripts/Events/NewMonoBehaviourScript.cs - Importer: ScriptedImporter/UnityEditor.QuickSearchModule:UnityEditor.Search:ASIAI0B
Importing 'GUID: 6ff9d0874755311479a665ffdee76849 - Path: Assets/Scripts/Events/NewMonoBehaviourScript.cs - Importer: ScriptedImporter/UnityEditor.QuickSearchModule:UnityEditor.Search:ASIAI0B' with importer (ScriptedImporter : UnityEditor.QuickSearchModule:UnityEditor.Search:ASIAI0B)
Imported 'GUID: 6ff9d0874755311479a665ffdee76849' -> (Import Result ID: '45f32a0bf782e6cf128d8662977096ef') in 0.008 seconds [static and dynamic dependencies]. Details - ImportResultOutputID=968cec14e5cefac15e1e7308190382b4 DependenciesID=ed094d5e138f0c9545d0a89195700773 StaticDependenciesID=154f7ad576637c309ae4a956a2cd739d 
Number of updated asset objects reloaded before import = 0
Number of asset objects unloaded after import = 0
========================================================================
Received Prepare
AcceleratorClientConnectionCallback - disconnected - :0
Begin MonoManager ReloadAssembly
Native extension for WindowsStandalone target not found
[Package Manager] Failed to launch server process. Reason: Unity was launched with the -noUpm command-line argument
[Package Manager] Unable to send message (not connected to server process).
[Package Manager] Cannot connect to Unity Package Manager local server
[Package Manager] Failed to launch server process. Reason: Unity was launched with the -noUpm command-line argument
[Package Manager] Unable to send message (not connected to server process).
[Package Manager] Cannot connect to Unity Package Manager local server
ScheduleIndexationOnStartup MainProcess:False IndexOnStartup:True
Mono: successfully reloaded assembly
- Finished resetting the current domain, in  0.805 seconds
Domain Reload Profiling: 1849ms
	BeginReloadAssembly (291ms)
		DisableScriptedObjects (20ms)
		CreateAndSetChildDomain (65ms)
	RebuildCommonClasses (11ms)
	RebuildNativeTypeToScriptingClass (18ms)
	initialDomainReloadingComplete (63ms)
	LoadAllAssembliesAndSetupDomain (660ms)
		LoadAssemblies (412ms)
		AnalyzeDomain (240ms)
			TypeCache.Refresh (12ms)
			BuildScriptInfoCaches (217ms)
			ResolveRequiredComponents (9ms)
	FinalizeReload (807ms)
		SetupLoadedEditorAssemblies (0ms)
			BeforeProcessingInitializeOnLoad (106ms)
			ProcessInitializeOnLoadAttributes (287ms)
			ProcessInitializeOnLoadMethodAttributes (167ms)
			AfterProcessingInitializeOnLoad (6ms)
		AwakeInstancesAfterBackupRestoration (17ms)
Unloading 22 Unused Serialized files (Serialized files now loaded: 0)
Unloading 7164 unused Assets / (5.6 MB). Loaded Objects now: 8045.
Memory consumption went from 348.6 MB to 343.0 MB.
Total: 10.786000 ms (FindLiveObjects: 0.607300 ms CreateObjectMapping: 2.097900 ms MarkObjects: 5.348600 ms  DeleteObjects: 2.731100 ms)

Prepare: number of updated asset objects reloaded= 0
========================================================================
Received Prepare
AcceleratorClientConnectionCallback - disconnected - :0
Unloading 22 Unused Serialized files (Serialized files now loaded: 0)
Unloading 7148 unused Assets / (5.6 MB). Loaded Objects now: 8044.
Memory consumption went from 350.5 MB to 344.9 MB.
Total: 15.377300 ms (FindLiveObjects: 0.914500 ms CreateObjectMapping: 4.188400 ms MarkObjects: 6.307200 ms  DeleteObjects: 3.964000 ms)

Prepare: number of updated asset objects reloaded= 0
========================================================================
Received Prepare
AcceleratorClientConnectionCallback - disconnected - :0
Begin MonoManager ReloadAssembly
Native extension for WindowsStandalone target not found
[Package Manager] Failed to launch server process. Reason: Unity was launched with the -noUpm command-line argument
[Package Manager] Unable to send message (not connected to server process).
[Package Manager] Cannot connect to Unity Package Manager local server
[Package Manager] Failed to launch server process. Reason: Unity was launched with the -noUpm command-line argument
[Package Manager] Unable to send message (not connected to server process).
[Package Manager] Cannot connect to Unity Package Manager local server
ScheduleIndexationOnStartup MainProcess:False IndexOnStartup:True
Mono: successfully reloaded assembly
- Finished resetting the current domain, in  0.815 seconds
Domain Reload Profiling: 1824ms
	BeginReloadAssembly (256ms)
		DisableScriptedObjects (14ms)
		CreateAndSetChildDomain (64ms)
	RebuildCommonClasses (9ms)
	RebuildNativeTypeToScriptingClass (24ms)
	initialDomainReloadingComplete (63ms)
	LoadAllAssembliesAndSetupDomain (656ms)
		LoadAssemblies (374ms)
		AnalyzeDomain (250ms)
			TypeCache.Refresh (13ms)
			BuildScriptInfoCaches (224ms)
			ResolveRequiredComponents (11ms)
	FinalizeReload (816ms)
		SetupLoadedEditorAssemblies (0ms)
			BeforeProcessingInitializeOnLoad (115ms)
			ProcessInitializeOnLoadAttributes (295ms)
			ProcessInitializeOnLoadMethodAttributes (169ms)
			AfterProcessingInitializeOnLoad (3ms)
		AwakeInstancesAfterBackupRestoration (19ms)
Unloading 22 Unused Serialized files (Serialized files now loaded: 0)
Unloading 7163 unused Assets / (5.4 MB). Loaded Objects now: 8047.
Memory consumption went from 355.9 MB to 350.4 MB.
Total: 10.784000 ms (FindLiveObjects: 0.639600 ms CreateObjectMapping: 3.179900 ms MarkObjects: 4.896600 ms  DeleteObjects: 2.067000 ms)

Prepare: number of updated asset objects reloaded= 0
========================================================================
Received Prepare
AcceleratorClientConnectionCallback - disconnected - :0
Unloading 22 Unused Serialized files (Serialized files now loaded: 0)
Unloading 7149 unused Assets / (5.6 MB). Loaded Objects now: 8048.
Memory consumption went from 357.9 MB to 352.3 MB.
Total: 12.851100 ms (FindLiveObjects: 0.658800 ms CreateObjectMapping: 3.390100 ms MarkObjects: 6.141400 ms  DeleteObjects: 2.659500 ms)

Prepare: number of updated asset objects reloaded= 0
========================================================================
Received Import Request.
  Time of request: 2026-09-14T13:58:21.2332192Z
  Time since last request: 24.3563802 seconds.
  importAddress: GUID: 7d05358e38fead243a0442bfab28e7f0 - Path: Assets/Scripts/Events/PemancarEvent.cs - Importer: PreviewImporter
Importing 'GUID: 7d05358e38fead243a0442bfab28e7f0 - Path: Assets/Scripts/Events/PemancarEvent.cs - Importer: PreviewImporter' with importer (PreviewImporter)
Imported 'GUID: 7d05358e38fead243a0442bfab28e7f0' -> (Import Result ID: '95f0ab79c61fb1068030096cd302bf89') in 0.005 seconds [static and dynamic dependencies]. Details - ImportResultOutputID=b824bb8cb0ee32722c34c54e377d996d DependenciesID=b317c2a90cac790e6cee2a17d416453e StaticDependenciesID=c9c1c6717973bd2d9604526ee782f779 
Number of updated asset objects reloaded before import = 0
Number of asset objects unloaded after import = 0
========================================================================
Received Import Request.
  Time of request: 2026-09-14T13:58:21.6441146Z
  Time since last request: 0.3914601 seconds.
  importAddress: GUID: 7d05358e38fead243a0442bfab28e7f0 - Path: Assets/Scripts/Events/PemancarEvent.cs - Importer: ScriptedImporter/UnityEditor.QuickSearchModule:UnityEditor.Search:ASIAI0B
Importing 'GUID: 7d05358e38fead243a0442bfab28e7f0 - Path: Assets/Scripts/Events/PemancarEvent.cs - Importer: ScriptedImporter/UnityEditor.QuickSearchModule:UnityEditor.Search:ASIAI0B' with importer (ScriptedImporter : UnityEditor.QuickSearchModule:UnityEditor.Search:ASIAI0B)
Imported 'GUID: 7d05358e38fead243a0442bfab28e7f0' -> (Import Result ID: 'd335fcfeeb23219b196996e1a55ec711') in 0.101 seconds [static and dynamic dependencies]. Details - ImportResultOutputID=b25818d66ad6962b8be322bd90dc4018 DependenciesID=bc42fbc1cb1031a1b77f6c3eae82a4de StaticDependenciesID=64de9ca81f96a1904dc3e8f692bc9279 
Number of updated asset objects reloaded before import = 0
Number of asset objects unloaded after import = 0
========================================================================
Received Prepare
AcceleratorClientConnectionCallback - disconnected - :0
Begin MonoManager ReloadAssembly
Native extension for WindowsStandalone target not found
[Package Manager] Failed to launch server process. Reason: Unity was launched with the -noUpm command-line argument
[Package Manager] Unable to send message (not connected to server process).
[Package Manager] Cannot connect to Unity Package Manager local server
[Package Manager] Failed to launch server process. Reason: Unity was launched with the -noUpm command-line argument
[Package Manager] Unable to send message (not connected to server process).
[Package Manager] Cannot connect to Unity Package Manager local server
ScheduleIndexationOnStartup MainProcess:False IndexOnStartup:True
Mono: successfully reloaded assembly
- Finished resetting the current domain, in  0.939 seconds
Domain Reload Profiling: 2017ms
	BeginReloadAssembly (293ms)
		DisableScriptedObjects (13ms)
		CreateAndSetChildDomain (67ms)
	RebuildCommonClasses (10ms)
	RebuildNativeTypeToScriptingClass (19ms)
	initialDomainReloadingComplete (68ms)
	LoadAllAssembliesAndSetupDomain (687ms)
		LoadAssemblies (420ms)
		AnalyzeDomain (262ms)
			TypeCache.Refresh (15ms)
			BuildScriptInfoCaches (235ms)
			ResolveRequiredComponents (10ms)
	FinalizeReload (940ms)
		SetupLoadedEditorAssemblies (0ms)
			BeforeProcessingInitializeOnLoad (113ms)
			ProcessInitializeOnLoadAttributes (350ms)
			ProcessInitializeOnLoadMethodAttributes (207ms)
			AfterProcessingInitializeOnLoad (5ms)
		AwakeInstancesAfterBackupRestoration (24ms)
Refreshing native plugins compatible for Editor in 2.31 ms, found 5 plugins.
Unloading 22 Unused Serialized files (Serialized files now loaded: 0)
Unloading 7164 unused Assets / (4.8 MB). Loaded Objects now: 8051.
Memory consumption went from 354.1 MB to 349.4 MB.
Total: 16.981500 ms (FindLiveObjects: 1.422800 ms CreateObjectMapping: 6.195300 ms MarkObjects: 6.680400 ms  DeleteObjects: 2.681200 ms)

Prepare: number of updated asset objects reloaded= 0
========================================================================
Received Prepare
AcceleratorClientConnectionCallback - disconnected - :0
Unloading 22 Unused Serialized files (Serialized files now loaded: 0)
Unloading 7150 unused Assets / (4.2 MB). Loaded Objects now: 8052.
Memory consumption went from 356.1 MB to 351.9 MB.
Total: 11.628900 ms (FindLiveObjects: 0.672000 ms CreateObjectMapping: 3.308900 ms MarkObjects: 4.999900 ms  DeleteObjects: 2.647000 ms)

Prepare: number of updated asset objects reloaded= 0
========================================================================
Received Import Request.
  Time of request: 2026-09-14T13:58:37.8954894Z
  Time since last request: 16.137036 seconds.
  importAddress: GUID: 9f2d89673b886d04d9db1ea4e39ee4cf - Path: Assets/Scripts/Events/PenerimaEvent.cs - Importer: PreviewImporter
Importing 'GUID: 9f2d89673b886d04d9db1ea4e39ee4cf - Path: Assets/Scripts/Events/PenerimaEvent.cs - Importer: PreviewImporter' with importer (PreviewImporter)
Imported 'GUID: 9f2d89673b886d04d9db1ea4e39ee4cf' -> (Import Result ID: '1565552cf768a5ddbdd698d261c8999c') in 0.002 seconds [static and dynamic dependencies]. Details - ImportResultOutputID=c256f8a4f0b3767695f2b34f09f92ab3 DependenciesID=fdad9b0523b3b665cc5258d4be9757d2 StaticDependenciesID=2cdbf7403e2ce9998d7009eef8cf8a42 
Number of updated asset objects reloaded before import = 0
Number of asset objects unloaded after import = 0
========================================================================
Received Import Request.
  Time of request: 2026-09-14T13:58:38.4731869Z
  Time since last request: 0.5610162 seconds.
  importAddress: GUID: 9f2d89673b886d04d9db1ea4e39ee4cf - Path: Assets/Scripts/Events/PenerimaEvent.cs - Importer: ScriptedImporter/UnityEditor.QuickSearchModule:UnityEditor.Search:ASIAI0B
Importing 'GUID: 9f2d89673b886d04d9db1ea4e39ee4cf - Path: Assets/Scripts/Events/PenerimaEvent.cs - Importer: ScriptedImporter/UnityEditor.QuickSearchModule:UnityEditor.Search:ASIAI0B' with importer (ScriptedImporter : UnityEditor.QuickSearchModule:UnityEditor.Search:ASIAI0B)
Imported 'GUID: 9f2d89673b886d04d9db1ea4e39ee4cf' -> (Import Result ID: 'f0c550350851d2bbc85ab841c834b5c9') in 0.077 seconds [static and dynamic dependencies]. Details - ImportResultOutputID=ac38ae7c93d0af87905cd30c44bc2c5d DependenciesID=c9008c9e1f59e83a8841332d7f551ebf StaticDependenciesID=f4c460a02f982df4a0183dbd69b63999 
Number of updated asset objects reloaded before import = 0
Number of asset objects unloaded after import = 0
========================================================================
Received Prepare
AcceleratorClientConnectionCallback - disconnected - :0
Begin MonoManager ReloadAssembly
Native extension for WindowsStandalone target not found
[Package Manager] Failed to launch server process. Reason: Unity was launched with the -noUpm command-line argument
[Package Manager] Unable to send message (not connected to server process).
[Package Manager] Cannot connect to Unity Package Manager local server
[Package Manager] Failed to launch server process. Reason: Unity was launched with the -noUpm command-line argument
[Package Manager] Unable to send message (not connected to server process).
[Package Manager] Cannot connect to Unity Package Manager local server
ScheduleIndexationOnStartup MainProcess:False IndexOnStartup:True
Mono: successfully reloaded assembly
- Finished resetting the current domain, in  0.990 seconds
Domain Reload Profiling: 1991ms
	BeginReloadAssembly (280ms)
		DisableScriptedObjects (18ms)
		CreateAndSetChildDomain (56ms)
	RebuildCommonClasses (10ms)
	RebuildNativeTypeToScriptingClass (20ms)
	initialDomainReloadingComplete (65ms)
	LoadAllAssembliesAndSetupDomain (626ms)
		LoadAssemblies (375ms)
		AnalyzeDomain (240ms)
			TypeCache.Refresh (11ms)
			BuildScriptInfoCaches (217ms)
			ResolveRequiredComponents (9ms)
	FinalizeReload (991ms)
		SetupLoadedEditorAssemblies (0ms)
			BeforeProcessingInitializeOnLoad (133ms)
			ProcessInitializeOnLoadAttributes (387ms)
			ProcessInitializeOnLoadMethodAttributes (215ms)
			AfterProcessingInitializeOnLoad (6ms)
		AwakeInstancesAfterBackupRestoration (24ms)
Unloading 22 Unused Serialized files (Serialized files now loaded: 0)
Unloading 7165 unused Assets / (6.1 MB). Loaded Objects now: 8055.
Memory consumption went from 358.1 MB to 352.0 MB.
Total: 11.614700 ms (FindLiveObjects: 0.633900 ms CreateObjectMapping: 3.592400 ms MarkObjects: 4.914000 ms  DeleteObjects: 2.473100 ms)

Prepare: number of updated asset objects reloaded= 0
========================================================================
Received Import Request.
  Time of request: 2026-09-14T14:00:39.2556596Z
  Time since last request: 120.69442309999999 seconds.
  importAddress: GUID: 9f2d89673b886d04d9db1ea4e39ee4cf - Path: Assets/Scripts/Events/PenerimaEvent.cs - Importer: PreviewImporter
Importing 'GUID: 9f2d89673b886d04d9db1ea4e39ee4cf - Path: Assets/Scripts/Events/PenerimaEvent.cs - Importer: PreviewImporter' with importer (PreviewImporter)
Imported 'GUID: 9f2d89673b886d04d9db1ea4e39ee4cf' -> (Import Result ID: '2612806eed4d7ab6033db5b71c2e6ccd') in 0.002 seconds [static and dynamic dependencies]. Details - ImportResultOutputID=c256f8a4f0b3767695f2b34f09f92ab3 DependenciesID=ed650a45a91b88e621c9af9cfb9ae589 StaticDependenciesID=2cdbf7403e2ce9998d7009eef8cf8a42 
Number of updated asset objects reloaded before import = 0
Number of asset objects unloaded after import = 0
========================================================================
Received Prepare
AcceleratorClientConnectionCallback - disconnected - :0
Refreshing native plugins compatible for Editor in 5.44 ms, found 5 plugins.
Unloading 22 Unused Serialized files (Serialized files now loaded: 0)
Unloading 7150 unused Assets / (5.2 MB). Loaded Objects now: 8055.
Memory consumption went from 360.1 MB to 354.8 MB.
Total: 23.079100 ms (FindLiveObjects: 1.423700 ms CreateObjectMapping: 6.141800 ms MarkObjects: 11.384300 ms  DeleteObjects: 4.127600 ms)

Prepare: number of updated asset objects reloaded= 0
========================================================================
Received Prepare
AcceleratorClientConnectionCallback - disconnected - :0
[Licensing::Client] Successfully resolved entitlement details
[Licensing::Module] License group:
  Id: F4-G59U-7N8W-FA26-6KKX-XXXX
  Product: Unity Personal
  Type: ULF
  Expiration: 2026-10-21T14:48:29Z
[Licensing::Module] License group:
  Id: 18968324431865-UnityPersXXXX
  Product: Unity Personal
  Type: Assigned
  Expiration: Unlimited
Begin MonoManager ReloadAssembly
Refreshing native plugins compatible for Editor in 2.14 ms, found 5 plugins.
Native extension for WindowsStandalone target not found
[Package Manager] Failed to launch server process. Reason: Unity was launched with the -noUpm command-line argument
[Package Manager] Unable to send message (not connected to server process).
[Package Manager] Cannot connect to Unity Package Manager local server
[Package Manager] Failed to launch server process. Reason: Unity was launched with the -noUpm command-line argument
[Package Manager] Unable to send message (not connected to server process).
[Package Manager] Cannot connect to Unity Package Manager local server
ScheduleIndexationOnStartup MainProcess:False IndexOnStartup:True
Mono: successfully reloaded assembly
- Finished resetting the current domain, in  1.546 seconds
Domain Reload Profiling: 3297ms
	BeginReloadAssembly (508ms)
		DisableScriptedObjects (41ms)
		CreateAndSetChildDomain (118ms)
	RebuildCommonClasses (17ms)
	RebuildNativeTypeToScriptingClass (27ms)
	initialDomainReloadingComplete (119ms)
	LoadAllAssembliesAndSetupDomain (1079ms)
		LoadAssemblies (703ms)
		AnalyzeDomain (409ms)
			TypeCache.Refresh (20ms)
			BuildScriptInfoCaches (375ms)
			ResolveRequiredComponents (12ms)
	FinalizeReload (1548ms)
		SetupLoadedEditorAssemblies (0ms)
			BeforeProcessingInitializeOnLoad (197ms)
			ProcessInitializeOnLoadAttributes (467ms)
			ProcessInitializeOnLoadMethodAttributes (380ms)
			AfterProcessingInitializeOnLoad (13ms)
		AwakeInstancesAfterBackupRestoration (65ms)
Refreshing native plugins compatible for Editor in 3.45 ms, found 5 plugins.
Unloading 22 Unused Serialized files (Serialized files now loaded: 0)
Unloading 7165 unused Assets / (4.6 MB). Loaded Objects now: 8058.
Memory consumption went from 364.9 MB to 360.3 MB.
Total: 18.950000 ms (FindLiveObjects: 1.319800 ms CreateObjectMapping: 5.871700 ms MarkObjects: 8.339300 ms  DeleteObjects: 3.418200 ms)

Prepare: number of updated asset objects reloaded= 0
========================================================================
Received Import Request.
  Time of request: 2026-09-14T14:02:33.3813745Z
  Time since last request: 114.1064276 seconds.
  importAddress: GUID: 7d05358e38fead243a0442bfab28e7f0 - Path: Assets/Scripts/Events/PemancarEvent.cs - Importer: PreviewImporter
Importing 'GUID: 7d05358e38fead243a0442bfab28e7f0 - Path: Assets/Scripts/Events/PemancarEvent.cs - Importer: PreviewImporter' with importer (PreviewImporter)
Imported 'GUID: 7d05358e38fead243a0442bfab28e7f0' -> (Import Result ID: 'd7e0c3b13ce95a61ae1b096d8573a596') in 0.054 seconds [static and dynamic dependencies]. Details - ImportResultOutputID=b824bb8cb0ee32722c34c54e377d996d DependenciesID=171240ecd0abb7e62fea7eeeac085c26 StaticDependenciesID=3f4dd1e2be550f916f34ad2c1f36faf6 
Number of updated asset objects reloaded before import = 0
Number of asset objects unloaded after import = 0
========================================================================
Received Prepare
AcceleratorClientConnectionCallback - disconnected - :0
Unloading 22 Unused Serialized files (Serialized files now loaded: 0)
Unloading 22 unused Assets / (2.6 MB). Loaded Objects now: 8058.
Memory consumption went from 359.7 MB to 357.1 MB.
Total: 8.171500 ms (FindLiveObjects: 0.485500 ms CreateObjectMapping: 1.266100 ms MarkObjects: 5.819500 ms  DeleteObjects: 0.598500 ms)

Prepare: number of updated asset objects reloaded= 0
Editor requested this worker to shutdown with reason: Editor is closing down
AcceleratorClientConnectionCallback - disconnected - :0
AssetImportWorker is now disconnected from the server
Process exiting
Exiting without the bug reporter. Application will terminate with return code 0