[Licensing::Module] Trying to connect to existing licensing client channel...
[Licensing::IpcConnector] Successfully connected to: "LicenseClient-MSI" at "2026-09-14T13:51:44.598838Z"
Built from '6000.5/staging' branch; Version is '6000.5.4f1 (d550df8bd089) revision 13979871'; Using compiler version '194234433'; Build Type 'Release'
OS: 'Windows 11  (10.0.26200) Professional' Language: 'en' Physical Memory: 16084 MB
BatchMode: 1, IsHumanControllingUs: 0, StartBugReporterOnCrash: 0, Is64bit: 1
System  architecture: x64
Process architecture: x64
Date: 2026-09-14T13:51:44Z

COMMAND LINE ARGUMENTS:
C:\Program Files\Unity\Hub\Editor\6000.5.4f1\Editor\Unity.exe
-adb2
-batchMode
-noUpm
-name
AssetImportWorkerHW1
-projectPath
D:/Program Files/UnityProject/CoinCollector2
-logFile
Logs/AssetImportWorkerHW1.log
-srvPort
58017
-parentPid
3580
-analyticsCloudUserId
18968324431865
-analyticsCloudProjectId
cc8a84e1-fc51-4716-881f-d7844702efe8
-analyticsLocalProjectId
4a9eda89a9508d849afcde148eeeae4e
-licensingIpc
LicenseClient-MSI
-noDiagnosticSwitchPersistentStore
-job-worker-count
11
-background-job-worker-count
8
-asset-garbage-collectors
1
-force-d3d12
-name
AssetImport
Successfully changed project path to: D:/Program Files/UnityProject/CoinCollector2
D:/Program Files/UnityProject/CoinCollector2
[UnityMemory] Configuration Parameters - Can be set up in boot.config
    "memorysetup-temp-allocator-size-gi-baking-worker=262144"
    "memorysetup-temp-allocator-size-gi-baking-worker=262144"
    "memorysetup-temp-allocator-size-gi-baking-worker=262144"
    "memorysetup-temp-allocator-size-gi-baking-worker=262144"
    "memorysetup-temp-allocator-size-gi-baking-worker=262144"
    "memorysetup-temp-allocator-size-nav-mesh-worker=65536"
    "memorysetup-temp-allocator-size-audio-worker=65536"
    "memorysetup-temp-allocator-size-cloud-worker=32768"
    "memorysetup-temp-allocator-size-gfx=262144"
    "memorysetup-temp-allocator-size-preload-manager=33554432"
    "memorysetup-allocator-temp-initial-block-size-main=262144"
    "memorysetup-allocator-temp-initial-block-size-worker=262144"
    "memorysetup-temp-allocator-size-job-worker=262144"
    "memorysetup-temp-allocator-size-background-worker=32768"
    "memorysetup-bucket-allocator-granularity=16"
    "memorysetup-bucket-allocator-bucket-count=8"
    "memorysetup-bucket-allocator-block-size=33554432"
    "memorysetup-bucket-allocator-block-count=8"
    "memorysetup-main-allocator-block-size=16777216"
    "memorysetup-thread-allocator-block-size=16777216"
    "memorysetup-main-allocator-mimalloc-enabled=0"
    "memorysetup-gfx-main-allocator-block-size=16777216"
    "memorysetup-gfx-thread-allocator-block-size=16777216"
    "memorysetup-cache-allocator-block-size=4194304"
    "memorysetup-typetree-allocator-block-size=2097152"
    "memorysetup-profiler-bucket-allocator-granularity=16"
    "memorysetup-profiler-bucket-allocator-bucket-count=8"
    "memorysetup-profiler-bucket-allocator-block-size=33554432"
    "memorysetup-profiler-bucket-allocator-block-count=8"
    "memorysetup-profiler-allocator-block-size=16777216"
    "memorysetup-profiler-editor-allocator-block-size=1048576"
    "memorysetup-temp-allocator-size-main=16777216"
    "memorysetup-job-temp-allocator-block-size=2097152"
    "memorysetup-job-temp-allocator-block-size-background=1048576"
    "memorysetup-job-temp-allocator-reduction-small-platforms=262144"
Player connection [3276]  Target information:

Player connection [3276]  * "[IP] 192.168.0.150 [Port] 0 [Flags] 2 [Guid] 393962508 [EditorId] 393962508 [Version] 1048832 [Id] WindowsEditor(7,DESKTOP-IV6EORE) [Debug] 1 [PackageName] WindowsEditor [ProjectName] Editor" 

Player connection [3276] Host joined multi-casting on [225.0.0.222:54997]...
Player connection [3276] Host joined alternative multi-casting on [225.0.0.222:34997]...
JobSystem: Creating JobQueue using job-worker-count value 11
Input System module state changed to: Initialized.
[Physics::Module] Initialized fallback backend.
[Physics::Module] Id: 0xdecafbad
Library Redirect Path: Library/
[Physics::Module] Selected backend.
[Physics::Module] Name: PhysX
[Physics::Module] Id: 0xf2b8ea05
[Physics::Module] SDK Version: 4.1.2
[Physics::Module] Integration Version: 1.0.0
[Physics::Module] Threading Mode: Multi-Threaded
Refreshing native plugins compatible for Editor in 3.90 ms, found 5 plugins.
Initialize engine version: 6000.5.4f1 (d550df8bd089)
[Subsystems] Discovering subsystems at path C:/Program Files/Unity/Hub/Editor/6000.5.4f1/Editor/Data/Resources/UnitySubsystems
[Subsystems] Discovering subsystems at path D:/Program Files/UnityProject/CoinCollector2/Assets
Forcing GfxDevice: Direct3D 12
GfxDevice: creating device client; kGfxThreadingModeNonThreaded
d3d12: failed to query info queue interface (0x80004002).
Direct3D:
    Version:         Direct3D 12 [level 12.2]
    Renderer:        NVIDIA GeForce RTX 5050 Laptop GPU (ID=0x2d98)
    Vendor:          NVIDIA
    VRAM:            7910 MB
    App VRAM Budget: 7142 MB
    Driver:          32.0.16.1047
Initialize mono
Mono path[0] = 'C:/Program Files/Unity/Hub/Editor/6000.5.4f1/Editor/Data/Managed'
Mono path[1] = 'C:/Program Files/Unity/Hub/Editor/6000.5.4f1/Editor/Data/BCLExtensions/runtime/netstandard2.1'
Mono path[2] = 'C:/Program Files/Unity/Hub/Editor/6000.5.4f1/Editor/Data/MonoBleedingEdge/lib/mono/unityjit-win32'
Mono config path = 'C:/Program Files/Unity/Hub/Editor/6000.5.4f1/Editor/Data/MonoBleedingEdge/etc'
Using monoOptions --debugger-agent=transport=dt_socket,embedding=1,server=y,suspend=n,address=127.0.0.1:56932
CodeReloadManager initialized
Begin MonoManager ReloadAssembly
Registering precompiled unity dll's ...
Register platform support module: C:/Program Files/Unity/Hub/Editor/6000.5.4f1/Editor/Data/PlaybackEngines/WindowsStandaloneSupport/UnityEditor.WindowsStandalone.Extensions.dll
Registered in 0.001124 seconds.
Native extension for WindowsStandalone target not found
Package Manager log level set to [2]
[Package Manager] Failed to launch server process. Reason: Unity was launched with the -noUpm command-line argument
[Package Manager] Unable to send message (not connected to server process).
[Package Manager] Cannot connect to Unity Package Manager local server
ScheduleIndexationOnStartup MainProcess:False IndexOnStartup:True
Mono: successfully reloaded assembly
- Finished resetting the current domain, in  0.453 seconds
Domain Reload Profiling: 963ms
	BeginReloadAssembly (132ms)
	RebuildCommonClasses (4ms)
	RebuildNativeTypeToScriptingClass (16ms)
	initialDomainReloadingComplete (62ms)
	LoadAllAssembliesAndSetupDomain (294ms)
		LoadAssemblies (130ms)
		AnalyzeDomain (213ms)
			TypeCache.Refresh (212ms)
				TypeCache.ScanAssembly (197ms)
	FinalizeReload (455ms)
		SetupLoadedEditorAssemblies (0ms)
			BeforeProcessingInitializeOnLoad (115ms)
			ProcessInitializeOnLoadAttributes (127ms)
			ProcessInitializeOnLoadMethodAttributes (123ms)
Initializing Unity extensions:
[Licensing::Module] Licensing is not yet initialized.
[Licensing::Client] Error: HandshakeResponse reported an error:
	ResponseCode: 505
	ResponseStatus: Unsupported protocol version '1.18.1'.
[Licensing::Module] Error: Failed to handshake to channel: "LicenseClient-MSI"
[Licensing::IpcConnector] LicenseClient-MSI channel disconnected successfully.
[Licensing::IpcConnector] Successfully connected to: "LicenseClient-MSI-6000.5.4" at "2026-09-14T13:51:46.710152Z"
[Licensing::Client] Code 10 while verifying Licensing Client signature (process Id: 10768, path: "C:/Program Files/Unity/Hub/Editor/6000.5.4f1/Editor/Data/Resources/Licensing/Client/Unity.Licensing.Client.exe")
[Licensing::Module] LicensingClient has failed validation; ignoring
[Licensing::Client] Handshaking with LicensingClient:
  Version:                 1.18.1+9fbee8e
  Session Id:              390d8863e1e24feab0568c9ed84f7ccc
  Correlation Id:          8728aa818c97bca38d0d7511c635ccc9
  External correlation Id: 6650612564018847885
  Machine Id:              G3lYOn2ti/3l54/u/x1mbXwQAnM=
[Licensing::Module] Successfully connected to LicensingClient on channel: "LicenseClient-MSI-6000.5.4" (connect: 0.00s, validation: 0.00s, handshake: 0.01s)
[Licensing::IpcConnector] Successfully connected to: "LicenseClient-MSI-6000.5.4-notifications" at "2026-09-14T13:51:46.7218904Z"
[Licensing::Module] Licensing Background thread has ended after 2.12s
[Licensing::Module] Licensing is initialized (took 0.02s).
[Licensing::Client] Successfully resolved entitlement details
[Licensing::Module] License group:
  Id: F4-G59U-7N8W-FA26-6KKX-XXXX
  Product: Unity Personal
  Type: ULF
  Expiration: 2026-10-21T14:48:29Z
[Licensing::Module] License group:
  Id: 18968324431865-UnityPersXXXX
  Product: Unity Personal
  Type: Assigned
  Expiration: Unlimited
Curl error 3: URL rejected: Malformed input to a URL function
========================================================================
Worker process is ready to serve import requests
Import Worker Mode flag is 0x00
Begin MonoManager ReloadAssembly
Refreshing native plugins compatible for Editor in 12.00 ms, found 5 plugins.
Native extension for WindowsStandalone target not found
[Package Manager] Failed to launch server process. Reason: Unity was launched with the -noUpm command-line argument
[Package Manager] Unable to send message (not connected to server process).
[Package Manager] Cannot connect to Unity Package Manager local server
Refreshing native plugins compatible for Editor in 2.46 ms, found 5 plugins.
[Package Manager] Failed to launch server process. Reason: Unity was launched with the -noUpm command-line argument
[Package Manager] Unable to send message (not connected to server process).
[Package Manager] Cannot connect to Unity Package Manager local server
ScheduleIndexationOnStartup MainProcess:False IndexOnStartup:True
Mono: successfully reloaded assembly
- Finished resetting the current domain, in  1.067 seconds
Domain Reload Profiling: 2984ms
	BeginReloadAssembly (228ms)
		DisableScriptedObjects (9ms)
		CreateAndSetChildDomain (30ms)
	RebuildCommonClasses (14ms)
	RebuildNativeTypeToScriptingClass (23ms)
	initialDomainReloadingComplete (64ms)
	LoadAllAssembliesAndSetupDomain (1589ms)
		LoadAssemblies (597ms)
		AnalyzeDomain (908ms)
			TypeCache.Refresh (543ms)
				TypeCache.ScanAssembly (510ms)
			BuildScriptInfoCaches (348ms)
			ResolveRequiredComponents (13ms)
	FinalizeReload (1068ms)
		SetupLoadedEditorAssemblies (0ms)
			BeforeProcessingInitializeOnLoad (105ms)
			ProcessInitializeOnLoadAttributes (311ms)
			ProcessInitializeOnLoadMethodAttributes (262ms)
			AfterProcessingInitializeOnLoad (4ms)
		AwakeInstancesAfterBackupRestoration (3ms)
AcceleratorClientConnectionCallback - disconnected - :0
Launched and connected shader compiler UnityShaderCompiler.exe after 0.10 seconds
Unloading 22 Unused Serialized files (Serialized files now loaded: 0)
Curl error 3: URL rejected: Malformed input to a URL function
Unloading 7164 unused Assets / (6.3 MB). Loaded Objects now: 8034.
Memory consumption went from 351.0 MB to 344.7 MB.
Total: 12.541500 ms (FindLiveObjects: 0.724500 ms CreateObjectMapping: 3.542700 ms MarkObjects: 5.034700 ms  DeleteObjects: 3.235500 ms)

========================================================================
Received Prepare
AcceleratorClientConnectionCallback - disconnected - :0
Unloading 22 Unused Serialized files (Serialized files now loaded: 0)
Unloading 7148 unused Assets / (6.0 MB). Loaded Objects now: 8035.
Memory consumption went from 348.4 MB to 342.4 MB.
Total: 12.869900 ms (FindLiveObjects: 0.611300 ms CreateObjectMapping: 2.816900 ms MarkObjects: 6.392600 ms  DeleteObjects: 3.048000 ms)

Prepare: number of updated asset objects reloaded= 0
========================================================================
Received Prepare
AcceleratorClientConnectionCallback - disconnected - :0
Unloading 22 Unused Serialized files (Serialized files now loaded: 0)
Unloading 7148 unused Assets / (5.4 MB). Loaded Objects now: 8035.
Memory consumption went from 350.3 MB to 344.9 MB.
Total: 17.573300 ms (FindLiveObjects: 0.889200 ms CreateObjectMapping: 4.147700 ms MarkObjects: 8.961900 ms  DeleteObjects: 3.572300 ms)

Prepare: number of updated asset objects reloaded= 0
========================================================================
Received Import Request.
  Time of request: 2026-09-14T13:57:40.022563Z
  Time since last request: 1190.1202558 seconds.
  importAddress: GUID: a918ca484723ae44f8336d05e95cb172 - Path: Assets/Scripts/Events/BelajarDelegate.cs - Importer: PreviewImporter
Importing 'GUID: a918ca484723ae44f8336d05e95cb172 - Path: Assets/Scripts/Events/BelajarDelegate.cs - Importer: PreviewImporter' with importer (PreviewImporter)
Imported 'GUID: a918ca484723ae44f8336d05e95cb172' -> (Import Result ID: '79322718cd30e1a9f2bce5a73704463f') in 0.012 seconds [static and dynamic dependencies]. Details - ImportResultOutputID=7b63d75dc25dade9d18a3f6c2471ee2d DependenciesID=fb43d0b39bba4e9aa4adb1905ec21734 StaticDependenciesID=f30210dba85d0ed0b4615b1956724650 
Number of updated asset objects reloaded before import = 0
Number of asset objects unloaded after import = 0
========================================================================
Received Prepare
AcceleratorClientConnectionCallback - disconnected - :0
[Licensing::Client] Successfully resolved entitlement details
[Licensing::Module] License group:
  Id: F4-G59U-7N8W-FA26-6KKX-XXXX
  Product: Unity Personal
  Type: ULF
  Expiration: 2026-10-21T14:48:29Z
[Licensing::Module] License group:
  Id: 18968324431865-UnityPersXXXX
  Product: Unity Personal
  Type: Assigned
  Expiration: Unlimited
Begin MonoManager ReloadAssembly
Native extension for WindowsStandalone target not found
[Package Manager] Failed to launch server process. Reason: Unity was launched with the -noUpm command-line argument
[Package Manager] Unable to send message (not connected to server process).
[Package Manager] Cannot connect to Unity Package Manager local server
[Package Manager] Failed to launch server process. Reason: Unity was launched with the -noUpm command-line argument
[Package Manager] Unable to send message (not connected to server process).
[Package Manager] Cannot connect to Unity Package Manager local server
ScheduleIndexationOnStartup MainProcess:False IndexOnStartup:True
Mono: successfully reloaded assembly
- Finished resetting the current domain, in  0.939 seconds
Domain Reload Profiling: 2013ms
	BeginReloadAssembly (298ms)
		DisableScriptedObjects (15ms)
		CreateAndSetChildDomain (66ms)
	RebuildCommonClasses (12ms)
	RebuildNativeTypeToScriptingClass (17ms)
	initialDomainReloadingComplete (75ms)
	LoadAllAssembliesAndSetupDomain (670ms)
		LoadAssemblies (430ms)
		AnalyzeDomain (237ms)
			TypeCache.Refresh (13ms)
			BuildScriptInfoCaches (213ms)
			ResolveRequiredComponents (8ms)
	FinalizeReload (941ms)
		SetupLoadedEditorAssemblies (0ms)
			BeforeProcessingInitializeOnLoad (125ms)
			ProcessInitializeOnLoadAttributes (333ms)
			ProcessInitializeOnLoadMethodAttributes (213ms)
			AfterProcessingInitializeOnLoad (5ms)
		AwakeInstancesAfterBackupRestoration (27ms)
Unloading 22 Unused Serialized files (Serialized files now loaded: 0)
Unloading 7163 unused Assets / (5.8 MB). Loaded Objects now: 8041.
Memory consumption went from 345.8 MB to 340.0 MB.
Total: 15.515400 ms (FindLiveObjects: 2.582500 ms CreateObjectMapping: 3.115000 ms MarkObjects: 6.736200 ms  DeleteObjects: 3.078100 ms)

Prepare: number of updated asset objects reloaded= 0
========================================================================
Received Import Request.
  Time of request: 2026-09-14T13:57:48.914495Z
  Time since last request: 8.8684471 seconds.
  importAddress: GUID: a918ca484723ae44f8336d05e95cb172 - Path: Assets/Scripts/Events/BelajarDelegate.cs - Importer: PreviewImporter
Importing 'GUID: a918ca484723ae44f8336d05e95cb172 - Path: Assets/Scripts/Events/BelajarDelegate.cs - Importer: PreviewImporter' with importer (PreviewImporter)
Imported 'GUID: a918ca484723ae44f8336d05e95cb172' -> (Import Result ID: '97eb71a07094ea5deb6bbccac0ff8606') in 0.004 seconds [static and dynamic dependencies]. Details - ImportResultOutputID=7b63d75dc25dade9d18a3f6c2471ee2d DependenciesID=091109ba1f064c600ea3e1093896359f StaticDependenciesID=f30210dba85d0ed0b4615b1956724650 
Number of updated asset objects reloaded before import = 0
Number of asset objects unloaded after import = 0
========================================================================
Received Prepare
AcceleratorClientConnectionCallback - disconnected - :0
Unloading 22 Unused Serialized files (Serialized files now loaded: 0)
Unloading 7149 unused Assets / (6.0 MB). Loaded Objects now: 8042.
Memory consumption went from 344.1 MB to 338.1 MB.
Total: 12.304900 ms (FindLiveObjects: 0.693600 ms CreateObjectMapping: 3.178100 ms MarkObjects: 5.554300 ms  DeleteObjects: 2.876800 ms)

Prepare: number of updated asset objects reloaded= 0
========================================================================
Received Prepare
AcceleratorClientConnectionCallback - disconnected - :0
Begin MonoManager ReloadAssembly
Native extension for WindowsStandalone target not found
[Package Manager] Failed to launch server process. Reason: Unity was launched with the -noUpm command-line argument
[Package Manager] Unable to send message (not connected to server process).
[Package Manager] Cannot connect to Unity Package Manager local server
[Package Manager] Failed to launch server process. Reason: Unity was launched with the -noUpm command-line argument
[Package Manager] Unable to send message (not connected to server process).
[Package Manager] Cannot connect to Unity Package Manager local server
ScheduleIndexationOnStartup MainProcess:False IndexOnStartup:True
Mono: successfully reloaded assembly
- Finished resetting the current domain, in  0.807 seconds
Domain Reload Profiling: 1850ms
	BeginReloadAssembly (291ms)
		DisableScriptedObjects (22ms)
		CreateAndSetChildDomain (64ms)
	RebuildCommonClasses (10ms)
	RebuildNativeTypeToScriptingClass (17ms)
	initialDomainReloadingComplete (65ms)
	LoadAllAssembliesAndSetupDomain (660ms)
		LoadAssemblies (414ms)
		AnalyzeDomain (240ms)
			TypeCache.Refresh (12ms)
			BuildScriptInfoCaches (216ms)
			ResolveRequiredComponents (9ms)
	FinalizeReload (808ms)
		SetupLoadedEditorAssemblies (0ms)
			BeforeProcessingInitializeOnLoad (105ms)
			ProcessInitializeOnLoadAttributes (289ms)
			ProcessInitializeOnLoadMethodAttributes (170ms)
			AfterProcessingInitializeOnLoad (4ms)
		AwakeInstancesAfterBackupRestoration (19ms)
Unloading 22 Unused Serialized files (Serialized files now loaded: 0)
Unloading 7164 unused Assets / (6.4 MB). Loaded Objects now: 8045.
Memory consumption went from 352.7 MB to 346.4 MB.
Total: 12.276500 ms (FindLiveObjects: 0.690100 ms CreateObjectMapping: 2.351000 ms MarkObjects: 6.027200 ms  DeleteObjects: 3.206000 ms)

Prepare: number of updated asset objects reloaded= 0
========================================================================
Received Import Request.
  Time of request: 2026-09-14T13:58:05.544961Z
  Time since last request: 16.6129272 seconds.
  importAddress: GUID: 6ff9d0874755311479a665ffdee76849 - Path: Assets/Scripts/Events/NewMonoBehaviourScript.cs - Importer: PreviewImporter
Importing 'GUID: 6ff9d0874755311479a665ffdee76849 - Path: Assets/Scripts/Events/NewMonoBehaviourScript.cs - Importer: PreviewImporter' with importer (PreviewImporter)
Imported 'GUID: 6ff9d0874755311479a665ffdee76849' -> (Import Result ID: '0ae5a7c4d9f3aae3d5868615cbdd962d') in 0.004 seconds [static and dynamic dependencies]. Details - ImportResultOutputID=ce5730017fd1b57745c733f9c7e3d2ae DependenciesID=288af6fb51db7e1ed2e059ff2197f427 StaticDependenciesID=794b6ebf7b967bb7c0d0088d80be8edd 
Number of updated asset objects reloaded before import = 0
Number of asset objects unloaded after import = 0
========================================================================
Received Prepare
AcceleratorClientConnectionCallback - disconnected - :0
Refreshing native plugins compatible for Editor in 2.35 ms, found 5 plugins.
Unloading 22 Unused Serialized files (Serialized files now loaded: 0)
Unloading 7148 unused Assets / (6.1 MB). Loaded Objects now: 8044.
Memory consumption went from 352.8 MB to 346.7 MB.
Total: 13.957300 ms (FindLiveObjects: 0.632000 ms CreateObjectMapping: 3.757600 ms MarkObjects: 6.555400 ms  DeleteObjects: 3.011100 ms)

Prepare: number of updated asset objects reloaded= 0
========================================================================
Received Prepare
AcceleratorClientConnectionCallback - disconnected - :0
Begin MonoManager ReloadAssembly
Native extension for WindowsStandalone target not found
[Package Manager] Failed to launch server process. Reason: Unity was launched with the -noUpm command-line argument
[Package Manager] Unable to send message (not connected to server process).
[Package Manager] Cannot connect to Unity Package Manager local server
[Package Manager] Failed to launch server process. Reason: Unity was launched with the -noUpm command-line argument
[Package Manager] Unable to send message (not connected to server process).
[Package Manager] Cannot connect to Unity Package Manager local server
ScheduleIndexationOnStartup MainProcess:False IndexOnStartup:True
Mono: successfully reloaded assembly
- Finished resetting the current domain, in  0.806 seconds
Domain Reload Profiling: 1814ms
	BeginReloadAssembly (255ms)
		DisableScriptedObjects (15ms)
		CreateAndSetChildDomain (61ms)
	RebuildCommonClasses (9ms)
	RebuildNativeTypeToScriptingClass (25ms)
	initialDomainReloadingComplete (62ms)
	LoadAllAssembliesAndSetupDomain (656ms)
		LoadAssemblies (374ms)
		AnalyzeDomain (249ms)
			TypeCache.Refresh (11ms)
			BuildScriptInfoCaches (225ms)
			ResolveRequiredComponents (11ms)
	FinalizeReload (807ms)
		SetupLoadedEditorAssemblies (0ms)
			BeforeProcessingInitializeOnLoad (114ms)
			ProcessInitializeOnLoadAttributes (291ms)
			ProcessInitializeOnLoadMethodAttributes (166ms)
			AfterProcessingInitializeOnLoad (4ms)
		AwakeInstancesAfterBackupRestoration (19ms)
Unloading 22 Unused Serialized files (Serialized files now loaded: 0)
Unloading 7163 unused Assets / (5.3 MB). Loaded Objects now: 8047.
Memory consumption went from 358.5 MB to 353.2 MB.
Total: 11.751600 ms (FindLiveObjects: 0.642800 ms CreateObjectMapping: 3.379500 ms MarkObjects: 5.309400 ms  DeleteObjects: 2.418700 ms)

Prepare: number of updated asset objects reloaded= 0
========================================================================
Received Prepare
AcceleratorClientConnectionCallback - disconnected - :0
Unloading 22 Unused Serialized files (Serialized files now loaded: 0)
Unloading 7149 unused Assets / (5.8 MB). Loaded Objects now: 8048.
Memory consumption went from 360.5 MB to 354.7 MB.
Total: 10.972000 ms (FindLiveObjects: 0.545200 ms CreateObjectMapping: 1.829800 ms MarkObjects: 5.614000 ms  DeleteObjects: 2.981500 ms)

Prepare: number of updated asset objects reloaded= 0
========================================================================
Received Prepare
AcceleratorClientConnectionCallback - disconnected - :0
Begin MonoManager ReloadAssembly
Native extension for WindowsStandalone target not found
[Package Manager] Failed to launch server process. Reason: Unity was launched with the -noUpm command-line argument
[Package Manager] Unable to send message (not connected to server process).
[Package Manager] Cannot connect to Unity Package Manager local server
[Package Manager] Failed to launch server process. Reason: Unity was launched with the -noUpm command-line argument
[Package Manager] Unable to send message (not connected to server process).
[Package Manager] Cannot connect to Unity Package Manager local server
ScheduleIndexationOnStartup MainProcess:False IndexOnStartup:True
Mono: successfully reloaded assembly
- Finished resetting the current domain, in  0.942 seconds
Domain Reload Profiling: 2010ms
	BeginReloadAssembly (293ms)
		DisableScriptedObjects (15ms)
		CreateAndSetChildDomain (63ms)
	RebuildCommonClasses (10ms)
	RebuildNativeTypeToScriptingClass (20ms)
	initialDomainReloadingComplete (64ms)
	LoadAllAssembliesAndSetupDomain (681ms)
		LoadAssemblies (426ms)
		AnalyzeDomain (256ms)
			TypeCache.Refresh (13ms)
			BuildScriptInfoCaches (231ms)
			ResolveRequiredComponents (10ms)
	FinalizeReload (943ms)
		SetupLoadedEditorAssemblies (0ms)
			BeforeProcessingInitializeOnLoad (115ms)
			ProcessInitializeOnLoadAttributes (349ms)
			ProcessInitializeOnLoadMethodAttributes (209ms)
			AfterProcessingInitializeOnLoad (5ms)
		AwakeInstancesAfterBackupRestoration (23ms)
Refreshing native plugins compatible for Editor in 2.70 ms, found 5 plugins.
Unloading 22 Unused Serialized files (Serialized files now loaded: 0)
Unloading 7164 unused Assets / (6.7 MB). Loaded Objects now: 8051.
Memory consumption went from 365.5 MB to 358.9 MB.
Total: 18.946000 ms (FindLiveObjects: 1.182500 ms CreateObjectMapping: 5.366900 ms MarkObjects: 8.407600 ms  DeleteObjects: 3.987400 ms)

Prepare: number of updated asset objects reloaded= 0
========================================================================
Received Import Request.
  Time of request: 2026-09-14T13:58:30.9614835Z
  Time since last request: 25.3977125 seconds.
  importAddress: GUID: 7d05358e38fead243a0442bfab28e7f0 - Path: Assets/Scripts/Events/PemancarEvent.cs - Importer: PreviewImporter
Importing 'GUID: 7d05358e38fead243a0442bfab28e7f0 - Path: Assets/Scripts/Events/PemancarEvent.cs - Importer: PreviewImporter' with importer (PreviewImporter)
Imported 'GUID: 7d05358e38fead243a0442bfab28e7f0' -> (Import Result ID: '7bf17c52cd97773256902aef2209f877') in 0.003 seconds [static and dynamic dependencies]. Details - ImportResultOutputID=b824bb8cb0ee32722c34c54e377d996d DependenciesID=a6ea84ed8b585fab1d6ec008b2188bb0 StaticDependenciesID=c9c1c6717973bd2d9604526ee782f779 
Number of updated asset objects reloaded before import = 0
Number of asset objects unloaded after import = 0
========================================================================
Received Prepare
AcceleratorClientConnectionCallback - disconnected - :0
Unloading 22 Unused Serialized files (Serialized files now loaded: 0)
Unloading 7150 unused Assets / (5.3 MB). Loaded Objects now: 8052.
Memory consumption went from 363.8 MB to 358.6 MB.
Total: 11.908400 ms (FindLiveObjects: 0.764400 ms CreateObjectMapping: 2.828500 ms MarkObjects: 5.087000 ms  DeleteObjects: 3.227000 ms)

Prepare: number of updated asset objects reloaded= 0
========================================================================
Received Prepare
AcceleratorClientConnectionCallback - disconnected - :0
Begin MonoManager ReloadAssembly
Native extension for WindowsStandalone target not found
[Package Manager] Failed to launch server process. Reason: Unity was launched with the -noUpm command-line argument
[Package Manager] Unable to send message (not connected to server process).
[Package Manager] Cannot connect to Unity Package Manager local server
[Package Manager] Failed to launch server process. Reason: Unity was launched with the -noUpm command-line argument
[Package Manager] Unable to send message (not connected to server process).
[Package Manager] Cannot connect to Unity Package Manager local server
ScheduleIndexationOnStartup MainProcess:False IndexOnStartup:True
Mono: successfully reloaded assembly
- Finished resetting the current domain, in  1.002 seconds
Domain Reload Profiling: 2003ms
	BeginReloadAssembly (277ms)
		DisableScriptedObjects (19ms)
		CreateAndSetChildDomain (54ms)
	RebuildCommonClasses (13ms)
	RebuildNativeTypeToScriptingClass (19ms)
	initialDomainReloadingComplete (66ms)
	LoadAllAssembliesAndSetupDomain (627ms)
		LoadAssemblies (371ms)
		AnalyzeDomain (244ms)
			TypeCache.Refresh (13ms)
			BuildScriptInfoCaches (220ms)
			ResolveRequiredComponents (8ms)
	FinalizeReload (1003ms)
		SetupLoadedEditorAssemblies (0ms)
			BeforeProcessingInitializeOnLoad (142ms)
			ProcessInitializeOnLoadAttributes (394ms)
			ProcessInitializeOnLoadMethodAttributes (216ms)
			AfterProcessingInitializeOnLoad (4ms)
		AwakeInstancesAfterBackupRestoration (22ms)
Unloading 22 Unused Serialized files (Serialized files now loaded: 0)
Unloading 7165 unused Assets / (5.2 MB). Loaded Objects now: 8055.
Memory consumption went from 369.1 MB to 363.8 MB.
Total: 12.015400 ms (FindLiveObjects: 0.683300 ms CreateObjectMapping: 2.885900 ms MarkObjects: 5.929200 ms  DeleteObjects: 2.515700 ms)

Prepare: number of updated asset objects reloaded= 0
========================================================================
Received Prepare
AcceleratorClientConnectionCallback - disconnected - :0
Refreshing native plugins compatible for Editor in 3.99 ms, found 5 plugins.
Unloading 22 Unused Serialized files (Serialized files now loaded: 0)
Unloading 7150 unused Assets / (4.8 MB). Loaded Objects now: 8055.
Memory consumption went from 371.0 MB to 366.2 MB.
Total: 23.792800 ms (FindLiveObjects: 2.144000 ms CreateObjectMapping: 5.006700 ms MarkObjects: 11.679300 ms  DeleteObjects: 4.961100 ms)

Prepare: number of updated asset objects reloaded= 0
========================================================================
Received Import Request.
  Time of request: 2026-09-14T14:02:17.10204Z
  Time since last request: 226.12174619999999 seconds.
  importAddress: GUID: 9f2d89673b886d04d9db1ea4e39ee4cf - Path: Assets/Scripts/Events/PenerimaEvent.cs - Importer: PreviewImporter
Importing 'GUID: 9f2d89673b886d04d9db1ea4e39ee4cf - Path: Assets/Scripts/Events/PenerimaEvent.cs - Importer: PreviewImporter' with importer (PreviewImporter)
Imported 'GUID: 9f2d89673b886d04d9db1ea4e39ee4cf' -> (Import Result ID: '7d271512e00ffe4b6f77f981f7b1a9f9') in 0.071 seconds [static and dynamic dependencies]. Details - ImportResultOutputID=c256f8a4f0b3767695f2b34f09f92ab3 DependenciesID=d87897c991b4f56d60d16894b094074c StaticDependenciesID=d31ad19cf4f5d3b3b041d542f05cb604 
Number of updated asset objects reloaded before import = 0
Number of asset objects unloaded after import = 0
========================================================================
Received Prepare
AcceleratorClientConnectionCallback - disconnected - :0
[Licensing::Client] Successfully resolved entitlement details
[Licensing::Module] License group:
  Id: F4-G59U-7N8W-FA26-6KKX-XXXX
  Product: Unity Personal
  Type: ULF
  Expiration: 2026-10-21T14:48:29Z
[Licensing::Module] License group:
  Id: 18968324431865-UnityPersXXXX
  Product: Unity Personal
  Type: Assigned
  Expiration: Unlimited
Begin MonoManager ReloadAssembly
Refreshing native plugins compatible for Editor in 2.94 ms, found 5 plugins.
Native extension for WindowsStandalone target not found
[Package Manager] Failed to launch server process. Reason: Unity was launched with the -noUpm command-line argument
[Package Manager] Unable to send message (not connected to server process).
[Package Manager] Cannot connect to Unity Package Manager local server
[Package Manager] Failed to launch server process. Reason: Unity was launched with the -noUpm command-line argument
[Package Manager] Unable to send message (not connected to server process).
[Package Manager] Cannot connect to Unity Package Manager local server
ScheduleIndexationOnStartup MainProcess:False IndexOnStartup:True
Mono: successfully reloaded assembly
- Finished resetting the current domain, in  1.550 seconds
Domain Reload Profiling: 3278ms
	BeginReloadAssembly (495ms)
		DisableScriptedObjects (31ms)
		CreateAndSetChildDomain (109ms)
	RebuildCommonClasses (16ms)
	RebuildNativeTypeToScriptingClass (32ms)
	initialDomainReloadingComplete (123ms)
	LoadAllAssembliesAndSetupDomain (1062ms)
		LoadAssemblies (698ms)
		AnalyzeDomain (407ms)
			TypeCache.Refresh (18ms)
			BuildScriptInfoCaches (373ms)
			ResolveRequiredComponents (13ms)
	FinalizeReload (1552ms)
		SetupLoadedEditorAssemblies (0ms)
			BeforeProcessingInitializeOnLoad (199ms)
			ProcessInitializeOnLoadAttributes (470ms)
			ProcessInitializeOnLoadMethodAttributes (379ms)
			AfterProcessingInitializeOnLoad (13ms)
		AwakeInstancesAfterBackupRestoration (70ms)
Refreshing native plugins compatible for Editor in 2.63 ms, found 5 plugins.
Unloading 22 Unused Serialized files (Serialized files now loaded: 0)
Unloading 7165 unused Assets / (5.3 MB). Loaded Objects now: 8058.
Memory consumption went from 367.9 MB to 362.6 MB.
Total: 17.376000 ms (FindLiveObjects: 1.664500 ms CreateObjectMapping: 4.148200 ms MarkObjects: 8.459700 ms  DeleteObjects: 3.101900 ms)

Prepare: number of updated asset objects reloaded= 0
========================================================================
Received Prepare
AcceleratorClientConnectionCallback - disconnected - :0
Unloading 22 Unused Serialized files (Serialized files now loaded: 0)
Unloading 22 unused Assets / (2.6 MB). Loaded Objects now: 8058.
Memory consumption went from 364.6 MB to 362.0 MB.
Total: 8.349400 ms (FindLiveObjects: 0.499200 ms CreateObjectMapping: 1.292600 ms MarkObjects: 6.195300 ms  DeleteObjects: 0.360100 ms)

Prepare: number of updated asset objects reloaded= 0
Editor requested this worker to shutdown with reason: Editor is closing down
AcceleratorClientConnectionCallback - disconnected - :0
AssetImportWorker is now disconnected from the server
Process exiting
Exiting without the bug reporter. Application will terminate with return code 0