[Licensing::Module] Trying to connect to existing licensing client channel...
[Licensing::IpcConnector] Successfully connected to: "LicenseClient-MSI" at "2026-09-09T11:37:36.785551Z"
Built from '6000.5/staging' branch; Version is '6000.5.4f1 (d550df8bd089) revision 13979871'; Using compiler version '194234433'; Build Type 'Release'
OS: 'Windows 11  (10.0.26200) Professional' Language: 'en' Physical Memory: 16084 MB
BatchMode: 1, IsHumanControllingUs: 0, StartBugReporterOnCrash: 0, Is64bit: 1
System  architecture: x64
Process architecture: x64
Date: 2026-09-09T11:37:36Z

COMMAND LINE ARGUMENTS:
C:\Program Files\Unity\Hub\Editor\6000.5.4f1\Editor\Unity.exe
-adb2
-batchMode
-noUpm
-name
AssetImportWorkerHW0
-projectPath
D:/Program Files/UnityProject/CoinCollector2
-logFile
Logs/AssetImportWorkerHW0.log
-srvPort
56577
-parentPid
5668
-analyticsCloudUserId
anonymous
-analyticsCloudProjectId
cc8a84e1-fc51-4716-881f-d7844702efe8
-analyticsLocalProjectId
4a9eda89a9508d849afcde148eeeae4e
-licensingIpc
LicenseClient-MSI
-noDiagnosticSwitchPersistentStore
-job-worker-count
11
-background-job-worker-count
8
-asset-garbage-collectors
1
-force-d3d12
-name
AssetImport
Successfully changed project path to: D:/Program Files/UnityProject/CoinCollector2
D:/Program Files/UnityProject/CoinCollector2
[UnityMemory] Configuration Parameters - Can be set up in boot.config
    "memorysetup-temp-allocator-size-gi-baking-worker=262144"
    "memorysetup-temp-allocator-size-gi-baking-worker=262144"
    "memorysetup-temp-allocator-size-gi-baking-worker=262144"
    "memorysetup-temp-allocator-size-gi-baking-worker=262144"
    "memorysetup-temp-allocator-size-gi-baking-worker=262144"
    "memorysetup-temp-allocator-size-nav-mesh-worker=65536"
    "memorysetup-temp-allocator-size-audio-worker=65536"
    "memorysetup-temp-allocator-size-cloud-worker=32768"
    "memorysetup-temp-allocator-size-gfx=262144"
    "memorysetup-temp-allocator-size-preload-manager=33554432"
    "memorysetup-allocator-temp-initial-block-size-main=262144"
    "memorysetup-allocator-temp-initial-block-size-worker=262144"
    "memorysetup-temp-allocator-size-job-worker=262144"
    "memorysetup-temp-allocator-size-background-worker=32768"
    "memorysetup-bucket-allocator-granularity=16"
    "memorysetup-bucket-allocator-bucket-count=8"
    "memorysetup-bucket-allocator-block-size=33554432"
    "memorysetup-bucket-allocator-block-count=8"
    "memorysetup-main-allocator-block-size=16777216"
    "memorysetup-thread-allocator-block-size=16777216"
    "memorysetup-main-allocator-mimalloc-enabled=0"
    "memorysetup-gfx-main-allocator-block-size=16777216"
    "memorysetup-gfx-thread-allocator-block-size=16777216"
    "memorysetup-cache-allocator-block-size=4194304"
    "memorysetup-typetree-allocator-block-size=2097152"
    "memorysetup-profiler-bucket-allocator-granularity=16"
    "memorysetup-profiler-bucket-allocator-bucket-count=8"
    "memorysetup-profiler-bucket-allocator-block-size=33554432"
    "memorysetup-profiler-bucket-allocator-block-count=8"
    "memorysetup-profiler-allocator-block-size=16777216"
    "memorysetup-profiler-editor-allocator-block-size=1048576"
    "memorysetup-temp-allocator-size-main=16777216"
    "memorysetup-job-temp-allocator-block-size=2097152"
    "memorysetup-job-temp-allocator-block-size-background=1048576"
    "memorysetup-job-temp-allocator-reduction-small-platforms=262144"
Player connection [4188]  Target information:

Player connection [4188]  * "[IP] 192.168.0.148 [Port] 0 [Flags] 2 [Guid] 726848113 [EditorId] 726848113 [Version] 1048832 [Id] WindowsEditor(7,DESKTOP-IV6EORE) [Debug] 1 [PackageName] WindowsEditor [ProjectName] Editor" 

Player connection [4188]  * "[IP] 192.168.0.146 [Port] 0 [Flags] 2 [Guid] 726848113 [EditorId] 726848113 [Version] 1048832 [Id] WindowsEditor(7,DESKTOP-IV6EORE) [Debug] 1 [PackageName] WindowsEditor [ProjectName] Editor" 

Player connection [4188] Host joined multi-casting on [225.0.0.222:54997]...
Player connection [4188] Host joined alternative multi-casting on [225.0.0.222:34997]...
JobSystem: Creating JobQueue using job-worker-count value 11
Input System module state changed to: Initialized.
[Physics::Module] Initialized fallback backend.
[Physics::Module] Id: 0xdecafbad
Library Redirect Path: Library/
[Physics::Module] Selected backend.
[Physics::Module] Name: PhysX
[Physics::Module] Id: 0xf2b8ea05
[Physics::Module] SDK Version: 4.1.2
[Physics::Module] Integration Version: 1.0.0
[Physics::Module] Threading Mode: Multi-Threaded
Refreshing native plugins compatible for Editor in 3.54 ms, found 5 plugins.
Initialize engine version: 6000.5.4f1 (d550df8bd089)
[Subsystems] Discovering subsystems at path C:/Program Files/Unity/Hub/Editor/6000.5.4f1/Editor/Data/Resources/UnitySubsystems
[Subsystems] Discovering subsystems at path D:/Program Files/UnityProject/CoinCollector2/Assets
Forcing GfxDevice: Direct3D 12
GfxDevice: creating device client; kGfxThreadingModeNonThreaded
d3d12: failed to query info queue interface (0x80004002).
Direct3D:
    Version:         Direct3D 12 [level 12.2]
    Renderer:        NVIDIA GeForce RTX 5050 Laptop GPU (ID=0x2d98)
    Vendor:          NVIDIA
    VRAM:            7910 MB
    App VRAM Budget: 7142 MB
    Driver:          32.0.16.1047
Initialize mono
Mono path[0] = 'C:/Program Files/Unity/Hub/Editor/6000.5.4f1/Editor/Data/Managed'
Mono path[1] = 'C:/Program Files/Unity/Hub/Editor/6000.5.4f1/Editor/Data/BCLExtensions/runtime/netstandard2.1'
Mono path[2] = 'C:/Program Files/Unity/Hub/Editor/6000.5.4f1/Editor/Data/MonoBleedingEdge/lib/mono/unityjit-win32'
Mono config path = 'C:/Program Files/Unity/Hub/Editor/6000.5.4f1/Editor/Data/MonoBleedingEdge/etc'
Using monoOptions --debugger-agent=transport=dt_socket,embedding=1,server=y,suspend=n,address=127.0.0.1:56552
CodeReloadManager initialized
Begin MonoManager ReloadAssembly
Registering precompiled unity dll's ...
Register platform support module: C:/Program Files/Unity/Hub/Editor/6000.5.4f1/Editor/Data/PlaybackEngines/WindowsStandaloneSupport/UnityEditor.WindowsStandalone.Extensions.dll
Registered in 0.001834 seconds.
Native extension for WindowsStandalone target not found
Package Manager log level set to [2]
[Package Manager] Failed to launch server process. Reason: Unity was launched with the -noUpm command-line argument
[Package Manager] Unable to send message (not connected to server process).
[Package Manager] Cannot connect to Unity Package Manager local server
ScheduleIndexationOnStartup MainProcess:False IndexOnStartup:True
Mono: successfully reloaded assembly
- Finished resetting the current domain, in  0.686 seconds
Domain Reload Profiling: 1654ms
	BeginReloadAssembly (297ms)
	RebuildCommonClasses (11ms)
	RebuildNativeTypeToScriptingClass (31ms)
	initialDomainReloadingComplete (155ms)
	LoadAllAssembliesAndSetupDomain (472ms)
		LoadAssemblies (294ms)
		AnalyzeDomain (337ms)
			TypeCache.Refresh (335ms)
				TypeCache.ScanAssembly (315ms)
	FinalizeReload (688ms)
		SetupLoadedEditorAssemblies (0ms)
			InitializePlatformSupportModulesInManaged (6ms)
			BeforeProcessingInitializeOnLoad (216ms)
			ProcessInitializeOnLoadAttributes (223ms)
			ProcessInitializeOnLoadMethodAttributes (129ms)
Initializing Unity extensions:
[Licensing::Module] Licensing is not yet initialized.
[Licensing::Client] Error: HandshakeResponse reported an error:
	ResponseCode: 505
	ResponseStatus: Unsupported protocol version '1.18.1'.
[Licensing::Module] Error: Failed to handshake to channel: "LicenseClient-MSI"
[Licensing::IpcConnector] LicenseClient-MSI channel disconnected successfully.
[Licensing::IpcConnector] Successfully connected to: "LicenseClient-MSI-6000.5.4" at "2026-09-09T11:37:40.1253405Z"
[Licensing::Client] Code 10 while verifying Licensing Client signature (process Id: 12120, path: "C:/Program Files/Unity/Hub/Editor/6000.5.4f1/Editor/Data/Resources/Licensing/Client/Unity.Licensing.Client.exe")
[Licensing::Module] LicensingClient has failed validation; ignoring
[Licensing::Client] Handshaking with LicensingClient:
  Version:                 1.18.1+9fbee8e
  Session Id:              935d80ca78a74cf1b5e7ac0809077d1b
  Correlation Id:          cf7033dc9b9a13bfd8f8d7183be0d8d0
  External correlation Id: 718217141196114775
  Machine Id:              G3lYOn2ti/3l54/u/x1mbXwQAnM=
[Licensing::Module] Successfully connected to LicensingClient on channel: "LicenseClient-MSI-6000.5.4" (connect: 0.00s, validation: 0.00s, handshake: 0.03s)
[Licensing::IpcConnector] Successfully connected to: "LicenseClient-MSI-6000.5.4-notifications" at "2026-09-09T11:37:40.1634118Z"
[Licensing::Module] Licensing Background thread has ended after 3.38s
[Licensing::Module] Licensing is initialized (took 0.23s).
[Licensing::Client] Successfully resolved entitlement details
[Licensing::Module] License group:
  Id: F4-G59U-7N8W-FA26-6KKX-XXXX
  Product: Unity Personal
  Type: ULF
  Expiration: 2026-10-16T12:36:55Z
[Licensing::Module] License group:
  Id: 18968324431865-UnityPersXXXX
  Product: Unity Personal
  Type: Assigned
  Expiration: Unlimited
========================================================================
Worker process is ready to serve import requests
Import Worker Mode flag is 0x00
Begin MonoManager ReloadAssembly
Native extension for WindowsStandalone target not found
[Package Manager] Failed to launch server process. Reason: Unity was launched with the -noUpm command-line argument
[Package Manager] Unable to send message (not connected to server process).
[Package Manager] Cannot connect to Unity Package Manager local server
[Package Manager] Failed to launch server process. Reason: Unity was launched with the -noUpm command-line argument
[Package Manager] Unable to send message (not connected to server process).
[Package Manager] Cannot connect to Unity Package Manager local server
ScheduleIndexationOnStartup MainProcess:False IndexOnStartup:True
Mono: successfully reloaded assembly
- Finished resetting the current domain, in  0.924 seconds
Domain Reload Profiling: 2184ms
	BeginReloadAssembly (223ms)
		DisableScriptedObjects (8ms)
		CreateAndSetChildDomain (30ms)
	RebuildCommonClasses (9ms)
	RebuildNativeTypeToScriptingClass (18ms)
	initialDomainReloadingComplete (66ms)
	LoadAllAssembliesAndSetupDomain (944ms)
		LoadAssemblies (405ms)
		AnalyzeDomain (457ms)
			TypeCache.Refresh (345ms)
				TypeCache.ScanAssembly (301ms)
			BuildScriptInfoCaches (95ms)
			ResolveRequiredComponents (13ms)
	FinalizeReload (924ms)
		SetupLoadedEditorAssemblies (0ms)
			BeforeProcessingInitializeOnLoad (102ms)
			ProcessInitializeOnLoadAttributes (320ms)
			ProcessInitializeOnLoadMethodAttributes (308ms)
			AfterProcessingInitializeOnLoad (5ms)
		AwakeInstancesAfterBackupRestoration (3ms)
AcceleratorClientConnectionCallback - disconnected - :0
Launched and connected shader compiler UnityShaderCompiler.exe after 0.01 seconds
Unloading 22 Unused Serialized files (Serialized files now loaded: 0)
Curl error 3: URL rejected: Malformed input to a URL function
Unloading 7156 unused Assets / (5.9 MB). Loaded Objects now: 8026.
Memory consumption went from 345.1 MB to 339.1 MB.
Total: 12.599500 ms (FindLiveObjects: 0.932600 ms CreateObjectMapping: 2.428200 ms MarkObjects: 6.323900 ms  DeleteObjects: 2.912200 ms)

========================================================================
Received Prepare
AcceleratorClientConnectionCallback - disconnected - :0
Unloading 22 Unused Serialized files (Serialized files now loaded: 0)
Unloading 22 unused Assets / (2.6 MB). Loaded Objects now: 8026.
Memory consumption went from 337.3 MB to 334.7 MB.
Total: 10.594600 ms (FindLiveObjects: 0.322900 ms CreateObjectMapping: 3.299600 ms MarkObjects: 6.654700 ms  DeleteObjects: 0.316400 ms)

Prepare: number of updated asset objects reloaded= 0
========================================================================
Received Import Request.
  Time of request: 2026-09-09T11:46:45.5619174Z
  Time since last request: 786.65678060000005 seconds.
  importAddress: GUID: 109e9bdd0fcc649c5bc59085c35bdc83 - Path: Assets/Scenes - Importer: PreviewImporter
Importing 'GUID: 109e9bdd0fcc649c5bc59085c35bdc83 - Path: Assets/Scenes - Importer: PreviewImporter' with importer (PreviewImporter)
Imported 'GUID: 109e9bdd0fcc649c5bc59085c35bdc83' -> (Import Result ID: '101fdcffec55c7bdff9e25d31f802448') in 0.090 seconds [static and dynamic dependencies]. Details - ImportResultOutputID=b23cff856b914fe67a8ec014035f2546 DependenciesID=97cbf4d455d047431c39ec4bea9eb5a3 StaticDependenciesID=b696b9ce596b43c926644e6d900ecc61 
Number of updated asset objects reloaded before import = 0
Number of asset objects unloaded after import = 0
========================================================================
Received Import Request.
  Time of request: 2026-09-09T11:46:47.2623321Z
  Time since last request: 1.5945411 seconds.
  importAddress: GUID: 0220aab0833d04faeb927d84ca6cc40c - Path: Assets/Settings - Importer: PreviewImporter
Importing 'GUID: 0220aab0833d04faeb927d84ca6cc40c - Path: Assets/Settings - Importer: PreviewImporter' with importer (PreviewImporter)
Imported 'GUID: 0220aab0833d04faeb927d84ca6cc40c' -> (Import Result ID: '620fe1d07e22aede09d33f57beba5d46') in 0.010 seconds [static and dynamic dependencies]. Details - ImportResultOutputID=9a2a41a0ad81d0c604bb28472095d629 DependenciesID=0d8d64c91f95867933edc89c9d005b47 StaticDependenciesID=edc2c7ae17f4b0cc81efe7cdb5f149be 
Number of updated asset objects reloaded before import = 0
Number of asset objects unloaded after import = 0
========================================================================
Received Import Request.
  Time of request: 2026-09-09T11:46:47.4537235Z
  Time since last request: 0.1658584 seconds.
  importAddress: GUID: 3f9215ea0144899419cfbc0957140d3f - Path: Assets/Settings/DefaultVolumeProfile.asset - Importer: PreviewImporter
Importing 'GUID: 3f9215ea0144899419cfbc0957140d3f - Path: Assets/Settings/DefaultVolumeProfile.asset - Importer: PreviewImporter' with importer (PreviewImporter)
Imported 'GUID: 3f9215ea0144899419cfbc0957140d3f' -> (Import Result ID: '32c769d2a8819d3ccdc8c58e84324f33') in 0.192 seconds [static and dynamic dependencies]. Details - ImportResultOutputID=b32306543e69700a2ab7e8a5d8e7a284 DependenciesID=678d77e9bf14607ba495422714556d61 StaticDependenciesID=ba1954de20accd59430727fd959c1d03 
Number of updated asset objects reloaded before import = 0
Number of asset objects unloaded after import = 0
========================================================================
Received Import Request.
  Time of request: 2026-09-09T11:46:47.6681954Z
  Time since last request: 0.0021275 seconds.
  importAddress: GUID: 424799608f7334c24bf367e4bbfa7f9a - Path: Assets/Settings/Renderer2D.asset - Importer: PreviewImporter
Importing 'GUID: 424799608f7334c24bf367e4bbfa7f9a - Path: Assets/Settings/Renderer2D.asset - Importer: PreviewImporter' with importer (PreviewImporter)
Imported 'GUID: 424799608f7334c24bf367e4bbfa7f9a' -> (Import Result ID: 'fe34666ad6b7db4974e8a8f8ff9a2474') in 0.002 seconds [static and dynamic dependencies]. Details - ImportResultOutputID=a354d78425d3563a9dd3d3baba4d78f5 DependenciesID=839c45690c9b95b801473d6b5ff6a2d5 StaticDependenciesID=84e5314c6a403450097c16da63dec1d9 
Number of updated asset objects reloaded before import = 0
Number of asset objects unloaded after import = 0
========================================================================
Received Import Request.
  Time of request: 2026-09-09T11:46:47.6934198Z
  Time since last request: 0.0020215 seconds.
  importAddress: GUID: d03ed43fc9d8a4f2e9fa70c1c7916eb9 - Path: Assets/Settings/Lit2DSceneTemplate.scenetemplate - Importer: PreviewImporter
Importing 'GUID: d03ed43fc9d8a4f2e9fa70c1c7916eb9 - Path: Assets/Settings/Lit2DSceneTemplate.scenetemplate - Importer: PreviewImporter' with importer (PreviewImporter)
Imported 'GUID: d03ed43fc9d8a4f2e9fa70c1c7916eb9' -> (Import Result ID: '2f11ea83914297f44d29aabb8f34dac2') in 0.172 seconds [static and dynamic dependencies]. Details - ImportResultOutputID=84990d72a09b7417ef6a0b70935e49b7 DependenciesID=5b2f74845436d934f104641cf2ef19dc StaticDependenciesID=aadafa88fad579073b24cd264eb99805 
Number of updated asset objects reloaded before import = 0
Number of asset objects unloaded after import = 4
========================================================================
Received Import Request.
  Time of request: 2026-09-09T11:46:47.8843906Z
  Time since last request: 0.0024671 seconds.
  importAddress: GUID: 93b439a37f63240aca3dd4e01d978a9f - Path: Assets/Settings/UniversalRenderPipelineGlobalSettings.asset - Importer: PreviewImporter
Importing 'GUID: 93b439a37f63240aca3dd4e01d978a9f - Path: Assets/Settings/UniversalRenderPipelineGlobalSettings.asset - Importer: PreviewImporter' with importer (PreviewImporter)
Imported 'GUID: 93b439a37f63240aca3dd4e01d978a9f' -> (Import Result ID: '1c2cf736c848a982c2647f46747a749e') in 0.002 seconds [static and dynamic dependencies]. Details - ImportResultOutputID=c17a5a6e8c9e5f62e33c6f7a5b809acd DependenciesID=38da295e79aaf426f1258806fbe3da5e StaticDependenciesID=522b0999c2ad33ba934a582ea057e20e 
Number of updated asset objects reloaded before import = 0
Number of asset objects unloaded after import = 0
========================================================================
Received Import Request.
  Time of request: 2026-09-09T11:46:47.9020397Z
  Time since last request: 0.0012029 seconds.
  importAddress: GUID: 2bcd2660ca9b64942af0de543d8d7100 - Path: Assets/Settings/InputSystem_Actions.inputactions - Importer: PreviewImporter
Importing 'GUID: 2bcd2660ca9b64942af0de543d8d7100 - Path: Assets/Settings/InputSystem_Actions.inputactions - Importer: PreviewImporter' with importer (PreviewImporter)
Imported 'GUID: 2bcd2660ca9b64942af0de543d8d7100' -> (Import Result ID: 'e5f1a999ba8b0ac306078eea0d17f302') in 0.030 seconds [static and dynamic dependencies]. Details - ImportResultOutputID=fbcb8ab420bbc1c44e477cac3c5525a4 DependenciesID=338d66809ab8b13f8e9d89746f3929c8 StaticDependenciesID=0350af38f881f8c06eaa693d2dba5813 
Number of updated asset objects reloaded before import = 0
Number of asset objects unloaded after import = 19
========================================================================
Received Import Request.
  Time of request: 2026-09-09T11:46:47.9482162Z
  Time since last request: 0.0010754 seconds.
  importAddress: GUID: 681886c5eb7344803b6206f758bf0b1c - Path: Assets/Settings/UniversalRP.asset - Importer: PreviewImporter
Importing 'GUID: 681886c5eb7344803b6206f758bf0b1c - Path: Assets/Settings/UniversalRP.asset - Importer: PreviewImporter' with importer (PreviewImporter)
Imported 'GUID: 681886c5eb7344803b6206f758bf0b1c' -> (Import Result ID: 'b8ab579c67f6e00cb4dbde9dcaaa5f3d') in 0.001 seconds [static and dynamic dependencies]. Details - ImportResultOutputID=856a9cfd71ed7641d2f9249e6efc662a DependenciesID=6945171f991357aa58ce9b0c253db6f5 StaticDependenciesID=b417d124c192f3baf92516a6b0c87e08 
Number of updated asset objects reloaded before import = 0
Number of asset objects unloaded after import = 0
========================================================================
Received Import Request.
  Time of request: 2026-09-09T11:46:55.8752291Z
  Time since last request: 7.9132202 seconds.
  importAddress: GUID: 00000000000000001000000000000000 - Path: Assets - Importer: PreviewImporter
Importing 'GUID: 00000000000000001000000000000000 - Path: Assets - Importer: PreviewImporter' with importer (PreviewImporter)
Imported 'GUID: 00000000000000001000000000000000' -> (Import Result ID: '241dc6ce296e0f395a599982586f164f') in 0.001 seconds [static and dynamic dependencies]. Details - ImportResultOutputID=923ecb25fcaecb4cb3c936046707f967 DependenciesID=221c3962d6a6510e18d5efe90910aefa StaticDependenciesID=7fecd3d90c84567c1f366ff9261d59d3 
Number of updated asset objects reloaded before import = 0
Number of asset objects unloaded after import = 0
========================================================================
Received Prepare
AcceleratorClientConnectionCallback - disconnected - :0
Refreshing native plugins compatible for Editor in 2.97 ms, found 5 plugins.
Unloading 22 Unused Serialized files (Serialized files now loaded: 0)
Unloading 22 unused Assets / (2.6 MB). Loaded Objects now: 8031.
Memory consumption went from 339.1 MB to 336.5 MB.
Total: 141.947500 ms (FindLiveObjects: 7.436100 ms CreateObjectMapping: 1.198700 ms MarkObjects: 132.772400 ms  DeleteObjects: 0.530900 ms)

Prepare: number of updated asset objects reloaded= 0
========================================================================
Received Import Request.
  Time of request: 2026-09-09T11:47:04.035978Z
  Time since last request: 8.1443035 seconds.
  importAddress: GUID: 0aa1f22b7a0eadf42867af53bb36bb11 - Path: Assets/Sprites - Importer: PreviewImporter
Importing 'GUID: 0aa1f22b7a0eadf42867af53bb36bb11 - Path: Assets/Sprites - Importer: PreviewImporter' with importer (PreviewImporter)
Imported 'GUID: 0aa1f22b7a0eadf42867af53bb36bb11' -> (Import Result ID: 'df2aafca7ffe829815f9b3e51f168eb4') in 0.001 seconds [static and dynamic dependencies]. Details - ImportResultOutputID=75d368f08df21087663d3f0cd95c313e DependenciesID=e9969e2c39d3795b55e7f2323b562597 StaticDependenciesID=81d80f3be965e96010bb8dc8bc2287df 
Number of updated asset objects reloaded before import = 0
Number of asset objects unloaded after import = 0
========================================================================
Received Import Request.
  Time of request: 2026-09-09T11:47:04.0517275Z
  Time since last request: 0.0023751 seconds.
  importAddress: GUID: 0aa1f22b7a0eadf42867af53bb36bb11 - Path: Assets/Sprites - Importer: ScriptedImporter/UnityEditor.QuickSearchModule:UnityEditor.Search:ASIAI0B
Importing 'GUID: 0aa1f22b7a0eadf42867af53bb36bb11 - Path: Assets/Sprites - Importer: ScriptedImporter/UnityEditor.QuickSearchModule:UnityEditor.Search:ASIAI0B' with importer (ScriptedImporter : UnityEditor.QuickSearchModule:UnityEditor.Search:ASIAI0B)
Imported 'GUID: 0aa1f22b7a0eadf42867af53bb36bb11' -> (Import Result ID: '919d70a2c67a60bdbf6939cae221226d') in 0.125 seconds [static and dynamic dependencies]. Details - ImportResultOutputID=09948ca6e55879d943f836b2739cd3a4 DependenciesID=a58258adfde4527303f427a62e3225c3 StaticDependenciesID=94480463bbaf793cf5504be1236242b7 
Number of updated asset objects reloaded before import = 0
Number of asset objects unloaded after import = 1
========================================================================
Received Prepare
AcceleratorClientConnectionCallback - disconnected - :0
Refreshing native plugins compatible for Editor in 2.07 ms, found 5 plugins.
Unloading 22 Unused Serialized files (Serialized files now loaded: 0)
Unloading 22 unused Assets / (2.6 MB). Loaded Objects now: 8031.
Memory consumption went from 340.9 MB to 338.3 MB.
Total: 11.458900 ms (FindLiveObjects: 0.419600 ms CreateObjectMapping: 1.441200 ms MarkObjects: 9.135400 ms  DeleteObjects: 0.459900 ms)

Prepare: number of updated asset objects reloaded= 0
Editor requested this worker to shutdown with reason: Scaling down because of idle timeout
AcceleratorClientConnectionCallback - disconnected - :0
AssetImportWorker is now disconnected from the server
Process exiting
Exiting without the bug reporter. Application will terminate with return code 0