[2026-09-14T13:48:08.232Z][INFO] Command-line: 'C:\\Program Files\\Unity\\Hub\\Editor\\6000.5.4f1\\Editor\\Data\\Resources\\PackageManager\\Server\\UnityPackageManager.exe' server -s 3580 --ipc-path Unity-Upm-3580 -l 2 --log-file 'D:\\Program Files\\UnityProject\\CoinCollector2/Logs/upm.log'
[2026-09-14T13:48:08.298Z][INFO] IPC server started (IPC path=Unity-Upm-3580).
[2026-09-14T13:48:08.299Z][INFO] Hint: To connect to this UPM instance, launch Unity with the command-line parameter -upmIpcPath Upm-3580.
[2026-09-14T13:48:47.589Z][INFO] project:list-packages <-- Request received
params: {}
[2026-09-14T13:48:47.735Z][INFO] project:list-packages <-- Request received
params: {}
[2026-09-14T13:48:47.753Z][INFO] config:project:get-registries <-- Request received
params: {}
[2026-09-14T13:48:48.927Z][INFO] config:project:get-registries --> 200 (1175 ms)
[2026-09-14T13:48:49.812Z][INFO] project:list-packages --> 200 (2224 ms)
[2026-09-14T13:48:49.819Z][INFO] project:list-packages --> 200 (2089 ms)
[2026-09-14T13:49:49.857Z][INFO] project:list-packages <-- Request received
params: {}
[2026-09-14T13:49:49.911Z][INFO] project:list-packages <-- Request received
params: {}
[2026-09-14T13:49:50.768Z][INFO] project:list-packages --> 200 (910 ms)
[2026-09-14T13:49:50.772Z][INFO] project:list-packages --> 200 (861 ms)
[2026-09-14T13:49:54.018Z][INFO] project:list-packages <-- Request received
params: {}
[2026-09-14T13:49:54.506Z][INFO] project:list-packages --> 200 (488 ms)
[2026-09-14T13:49:55.904Z][INFO] config:project:get-registries <-- Request received
params: {}
[2026-09-14T13:49:55.912Z][INFO] config:project:get-registries --> 200 (8 ms)
[2026-09-14T13:50:03.199Z][INFO] project:list-packages <-- Request received
params: {}
[2026-09-14T13:50:03.574Z][INFO] project:list-packages --> 200 (375 ms)
[2026-09-14T13:50:07.521Z][INFO] project:list-packages <-- Request received
params: {}
[2026-09-14T13:50:08.619Z][INFO] Downloading package [com.unity.package-manager.metadata-6000.5@0.0.98] from registry 'https://packages.unity.com'
[2026-09-14T13:50:11.809Z][INFO] Finished downloading package [com.unity.package-manager.metadata-6000.5@0.0.98] from registry 'https://packages.unity.com' (size: 11.4 kB, time: 3.1s)
[2026-09-14T13:50:16.491Z][INFO] project:list-packages --> 200 (8969 ms)
[2026-09-14T13:57:44.961Z][INFO] project:list-packages <-- Request received
params: {}
[2026-09-14T13:57:45.201Z][INFO] project:list-packages --> 200 (240 ms)
[2026-09-14T13:57:45.283Z][INFO] project:list-packages <-- Request received
params: {}
[2026-09-14T13:57:45.518Z][INFO] config:project:get-registries <-- Request received
params: {}
[2026-09-14T13:57:45.522Z][INFO] project:list-packages --> 200 (239 ms)
[2026-09-14T13:57:45.523Z][INFO] config:project:get-registries --> 200 (5 ms)
[2026-09-14T13:58:01.932Z][INFO] project:list-packages <-- Request received
params: {}
[2026-09-14T13:58:02.140Z][INFO] project:list-packages --> 200 (208 ms)
[2026-09-14T13:58:02.237Z][INFO] project:list-packages <-- Request received
params: {}
[2026-09-14T13:58:02.469Z][INFO] project:list-packages --> 200 (232 ms)
[2026-09-14T13:58:02.478Z][INFO] config:project:get-registries <-- Request received
params: {}
[2026-09-14T13:58:02.482Z][INFO] config:project:get-registries --> 200 (3 ms)
[2026-09-14T13:58:12.139Z][INFO] project:list-packages <-- Request received
params: {}
[2026-09-14T13:58:12.342Z][INFO] project:list-packages --> 200 (203 ms)
[2026-09-14T13:58:12.457Z][INFO] project:list-packages <-- Request received
params: {}
[2026-09-14T13:58:12.685Z][INFO] project:list-packages --> 200 (228 ms)
[2026-09-14T13:58:12.707Z][INFO] config:project:get-registries <-- Request received
params: {}
[2026-09-14T13:58:12.712Z][INFO] config:project:get-registries --> 200 (5 ms)
[2026-09-14T13:58:26.785Z][INFO] project:list-packages <-- Request received
params: {}
[2026-09-14T13:58:26.967Z][INFO] project:list-packages --> 200 (182 ms)
[2026-09-14T13:58:27.091Z][INFO] project:list-packages <-- Request received
params: {}
[2026-09-14T13:58:27.312Z][INFO] project:list-packages --> 200 (221 ms)
[2026-09-14T13:58:27.345Z][INFO] config:project:get-registries <-- Request received
params: {}
[2026-09-14T13:58:27.349Z][INFO] config:project:get-registries --> 200 (4 ms)
[2026-09-14T13:58:42.851Z][INFO] project:list-packages <-- Request received
params: {}
[2026-09-14T13:58:43.025Z][INFO] project:list-packages --> 200 (174 ms)
[2026-09-14T13:58:43.185Z][INFO] project:list-packages <-- Request received
params: {}
[2026-09-14T13:58:43.414Z][INFO] project:list-packages --> 200 (229 ms)
[2026-09-14T13:58:43.452Z][INFO] config:project:get-registries <-- Request received
params: {}
[2026-09-14T13:58:43.456Z][INFO] config:project:get-registries --> 200 (3 ms)
[2026-09-14T14:02:20.564Z][INFO] project:list-packages <-- Request received
params: {}
[2026-09-14T14:02:20.724Z][INFO] project:list-packages --> 200 (160 ms)
[2026-09-14T14:02:20.891Z][INFO] project:list-packages <-- Request received
params: {}
[2026-09-14T14:02:21.159Z][INFO] project:list-packages --> 200 (268 ms)
[2026-09-14T14:02:21.193Z][INFO] config:project:get-registries <-- Request received
params: {}
[2026-09-14T14:02:21.199Z][INFO] config:project:get-registries --> 200 (6 ms)
